
[2026-08-05 22:56:45] $ /home/zhoushunyu/miniconda3/envs/myenv/bin/python3.10 -m torch.distributed.run --standalone --nproc_per_node=4 /home/zhoushunyu/eqvae/experiments/run_official_scale_metric_suite.py --mode pair-worker --repo /home/zhoushunyu/eqvae --data-root /data/users/zhoushunyu/eqvae --python /home/zhoushunyu/miniconda3/envs/myenv/bin/python3.10 --config /home/zhoushunyu/eqvae/experiments/configs/raev2_strict_lpl_dinov3l_k7.yaml --checkpoint /data/users/zhoushunyu/eqvae/models/RAEv2/stage2/imagenet/dinov3l-k7/checkpoint.pt --index-map /data/users/zhoushunyu/eqvae/datasets/raev2_imagenet_train_lexicographic_indices.npy --packed-data-path /data/shared/imagenet-1k/random_access_v1 --parquet-data-path /data/shared/imagenet-1k --fid-reference /data/shared/adm_refs/VIRTUAL_imagenet256_labeled.npz --real-feature-cache /home/zhoushunyu/.cache/torch/fidelity_cache/raev2_imagenet256_virtual_reference-inception-v3-compat-features-2048.pt --dino-ckpt-dir /data/users/zhoushunyu/eqvae/models/RAEv2/encoders/dinov3 --dino-repo-dir /data/users/zhoushunyu/eqvae/models/RAEv2/dinov3_repo --output-root /data/users/zhoushunyu/eqvae/experiments/official_scale_metric_suite_seed20260805 --devices 0,1,2,3 --state-key model --precision bf16 --pair-samples 256 --pair-batch-size 1 --pair-time-chunk 4 --pair-seed 20260805 --distribution-samples 5000 --distribution-batch-size 4 --sampling-seed 20260806 --reference-seed 20260805 --metric-seed 20260805 --latent-projection-dim 256 --latent-projection-repeats 4 --latent-projection-seed 8309 --decoder-layer-fractions 0.2,0.4,0.6,0.8,1.0 --example-count 16 --num-workers 2 --log-every-batches 25 --scales 0.85,0.92,1.0,1.2,1.4,1.5,1.6,1.78,1.85

*****************************************
Setting OMP_NUM_THREADS environment variable for each process to be 1 in default, to avoid your system being overloaded, please further tune the variable for optimal performance in your application as needed. 
*****************************************
/home/zhoushunyu/miniconda3/envs/myenv/lib/python3.10/site-packages/torch/distributed/c10d_logger.py:83: UserWarning: barrier(): using the device under current context. You can specify `device_id` in `init_process_group` to mute this warning.
  return func(*args, **kwargs)
[rank0]:[W805 22:56:56.158226758 ProcessGroupNCCL.cpp:5188] Guessing device ID based on global rank. This can cause a hang if rank to GPU mapping is heterogeneous. You can specify device_id in init_process_group()
Loading pretrained decoder from /home/zhoushunyu/data/eqvae/models/RAEv2/stage1/imagenet/dinov3l-k7/decoder.pt
Loaded normalization stats from /home/zhoushunyu/data/eqvae/models/RAEv2/stage1/imagenet/dinov3l-k7/stats.pt
RAE: encoder=dinov3mls-vit-l16[layers=11.13.15.17.19.21.23], resolution=256, patch_size=16, hidden_size=1024
Loading pretrained decoder from /home/zhoushunyu/data/eqvae/models/RAEv2/stage1/imagenet/dinov3l-k7/decoder.pt
Loading pretrained decoder from /home/zhoushunyu/data/eqvae/models/RAEv2/stage1/imagenet/dinov3l-k7/decoder.pt
Loading pretrained decoder from /home/zhoushunyu/data/eqvae/models/RAEv2/stage1/imagenet/dinov3l-k7/decoder.pt
Loaded normalization stats from /home/zhoushunyu/data/eqvae/models/RAEv2/stage1/imagenet/dinov3l-k7/stats.pt
RAE: encoder=dinov3mls-vit-l16[layers=11.13.15.17.19.21.23], resolution=256, patch_size=16, hidden_size=1024
Loaded normalization stats from /home/zhoushunyu/data/eqvae/models/RAEv2/stage1/imagenet/dinov3l-k7/stats.pt
RAE: encoder=dinov3mls-vit-l16[layers=11.13.15.17.19.21.23], resolution=256, patch_size=16, hidden_size=1024
Loaded normalization stats from /home/zhoushunyu/data/eqvae/models/RAEv2/stage1/imagenet/dinov3l-k7/stats.pt
RAE: encoder=dinov3mls-vit-l16[layers=11.13.15.17.19.21.23], resolution=256, patch_size=16, hidden_size=1024
[pair] rank0 batch 25
[pair] rank0 batch 50
[pair] rank0 batch 64
 scale  paired_nmse_equal_call  paired_nrmse_equal_call  paired_nmse_delta_t  paired_nrmse_delta_t
  0.85                0.372008                 0.609924             0.170735              0.413201
  0.92                0.371551                 0.609550             0.170367              0.412755
  1.00                0.371534                 0.609536             0.170391              0.412784
  1.20                0.373845                 0.611429             0.172527              0.415363
  1.40                0.379518                 0.616050             0.177628              0.421459
  1.50                0.383615                 0.619367             0.181290              0.425781
  1.60                0.388553                 0.623340             0.185693              0.430921
  1.78                0.399559                 0.632106             0.195487              0.442139
  1.85                0.404574                 0.636061             0.199945              0.447152
/home/zhoushunyu/miniconda3/envs/myenv/lib/python3.10/site-packages/torch/distributed/c10d_logger.py:83: UserWarning: barrier(): using the device under current context. You can specify `device_id` in `init_process_group` to mute this warning.
  return func(*args, **kwargs)
