[launch] /home/zhoushunyu/miniconda3/envs/myenv/bin/torchrun --standalone --nproc_per_node=1 /home/zhoushunyu/eqvae/experiments/sample_imagenet100_sit_static_pair_fid.py --anchor-checkpoint /data/users/zhoushunyu/eqvae/imagenet_sit_flow/runs/sit-s-2_seed0/checkpoints/step_00800000.pt --anchor-field auto --other-checkpoint /data/users/zhoushunyu/eqvae/imagenet_sit_flow/runs/sit-s-2_seed0/checkpoints/step_00270000.pt --other-field auto --static-scale -1.5 --control-mode full_pair --window-transition-width 0.01 --output-dir /data/users/zhoushunyu/eqvae/imagenet_sit_flow/v800_v270_v400_gamma_search_fid1k_v2/v270/static_sm1p5 --weights ema --num-samples 1000 --per-rank-batch-size 8 --vae-decode-batch-size 2 --cuda-allocator-limit-gib 4.0 --inter-batch-sleep 0.0 --global-seed 0 --precision fp32 --allow-tf32 --allow-step-mismatch
/home/zhoushunyu/miniconda3/envs/myenv/lib/python3.10/site-packages/huggingface_hub/utils/_validators.py:205: UserWarning: The `local_dir_use_symlinks` argument is deprecated and ignored in `hf_hub_download`. Downloading to a local directory does not use symlinks anymore.
  warnings.warn(
{"rank": 0, "scale": -1.5, "generated_on_rank": 8, "samples_per_rank": 1000, "elapsed_seconds": 1.2947582259657793, "images_per_second": 6.178759740284857, "last_batch_nfe": 86}
{"rank": 0, "scale": -1.5, "generated_on_rank": 512, "samples_per_rank": 1000, "elapsed_seconds": 78.46758926101029, "images_per_second": 6.524987001918859, "last_batch_nfe": 68}
{"rank": 0, "scale": -1.5, "generated_on_rank": 1000, "samples_per_rank": 1000, "elapsed_seconds": 151.67221100797178, "images_per_second": 6.593165573009553, "last_batch_nfe": 56}
{"event": "complete", "scale": -1.5, "samples": "/data/users/zhoushunyu/eqvae/imagenet_sit_flow/v800_v270_v400_gamma_search_fid1k_v2/v270/static_sm1p5/samples_unguided_n1000.npz", "label_count_min": 3, "label_count_max": 18}
[launch] /data/shared/envs/adm-fid/bin/python /home/zhoushunyu/eqvae/experiments/compute_adm_fid.py --reference /data/users/zhoushunyu/eqvae/imagenet_sit_flow/adm_reference_stats/imagenet100_validation_n5000_adm_stats.npz --samples /data/users/zhoushunyu/eqvae/imagenet_sit_flow/v800_v270_v400_gamma_search_fid1k_v2/v270/static_sm1p5/samples_unguided_n1000.npz --batch-size 8 --gpu-memory-fraction 0.25 --output /data/users/zhoushunyu/eqvae/imagenet_sit_flow/v800_v270_v400_gamma_search_fid1k_v2/v270/static_sm1p5/fid5k_adm_results.json
2026-08-17 23:22:27.612095: I tensorflow/core/util/port.cc:153] oneDNN custom operations are on. You may see slightly different numerical results due to floating-point round-off errors from different computation orders. To turn them off, set the environment variable `TF_ENABLE_ONEDNN_OPTS=0`.
2026-08-17 23:22:27.626085: E external/local_xla/xla/stream_executor/cuda/cuda_fft.cc:467] Unable to register cuFFT factory: Attempting to register factory for plugin cuFFT when one has already been registered
WARNING: All log messages before absl::InitializeLog() is called are written to STDERR
E0000 00:00:1786980147.642698 3384739 cuda_dnn.cc:8579] Unable to register cuDNN factory: Attempting to register factory for plugin cuDNN when one has already been registered
E0000 00:00:1786980147.647749 3384739 cuda_blas.cc:1407] Unable to register cuBLAS factory: Attempting to register factory for plugin cuBLAS when one has already been registered
W0000 00:00:1786980147.661188 3384739 computation_placer.cc:177] computation placer already registered. Please check linkage and avoid linking the same target more than once.
W0000 00:00:1786980147.661211 3384739 computation_placer.cc:177] computation placer already registered. Please check linkage and avoid linking the same target more than once.
W0000 00:00:1786980147.661212 3384739 computation_placer.cc:177] computation placer already registered. Please check linkage and avoid linking the same target more than once.
W0000 00:00:1786980147.661214 3384739 computation_placer.cc:177] computation placer already registered. Please check linkage and avoid linking the same target more than once.
2026-08-17 23:22:27.665236: I tensorflow/core/platform/cpu_feature_guard.cc:210] This TensorFlow binary is optimized to use available CPU instructions in performance-critical operations.
To enable the following instructions: AVX2 AVX512F AVX512_VNNI FMA, in other operations, rebuild TensorFlow with the appropriate compiler flags.
I0000 00:00:1786980149.424208 3384739 gpu_device.cc:2019] Created device /job:localhost/replica:0/task:0/device:GPU:0 with 6020 MB memory:  -> device: 0, name: NVIDIA GeForce RTX 4090, pci bus id: 0000:4b:00.0, compute capability: 8.9
I0000 00:00:1786980149.464270 3384739 gpu_device.cc:2019] Created device /job:localhost/replica:0/task:0/device:GPU:0 with 6020 MB memory:  -> device: 0, name: NVIDIA GeForce RTX 4090, pci bus id: 0000:4b:00.0, compute capability: 8.9
2026-08-17 23:22:30.082834: W tensorflow/core/framework/op_def_util.cc:370] Op BatchNormWithGlobalNormalization is deprecated. It will cease to work in GraphDef version 9. Use tf.nn.batch_normalization().
Warmup...

  0%|          | 0/1 [00:00<?, ?it/s]WARNING: All log messages before absl::InitializeLog() is called are written to STDERR
I0000 00:00:1786980151.033354 3384739 mlir_graph_optimization_pass.cc:425] MLIR V1 optimization pass is not enabled
I0000 00:00:1786980152.387602 3384960 cuda_dnn.cc:529] Loaded cuDNN version 90300

100%|██████████| 1/1 [00:02<00:00,  2.76s/it]
100%|██████████| 1/1 [00:02<00:00,  2.76s/it]
Reference statistics...
Sample activations/statistics...

  0%|          | 0/125 [00:00<?, ?it/s]
  2%|▏         | 2/125 [00:00<00:06, 18.16it/s]
  3%|▎         | 4/125 [00:00<00:07, 16.88it/s]
  5%|▍         | 6/125 [00:00<00:07, 16.49it/s]
  6%|▋         | 8/125 [00:00<00:07, 16.12it/s]
  8%|▊         | 10/125 [00:00<00:07, 15.92it/s]
 10%|▉         | 12/125 [00:00<00:07, 14.48it/s]
 11%|█         | 14/125 [00:00<00:07, 14.32it/s]
 13%|█▎        | 16/125 [00:01<00:07, 14.25it/s]
 14%|█▍        | 18/125 [00:01<00:07, 13.63it/s]
 16%|█▌        | 20/125 [00:01<00:07, 13.47it/s]
 18%|█▊        | 22/125 [00:01<00:07, 13.61it/s]
 19%|█▉        | 24/125 [00:01<00:07, 13.82it/s]
 21%|██        | 26/125 [00:01<00:07, 13.08it/s]
 22%|██▏       | 28/125 [00:01<00:07, 13.19it/s]
 24%|██▍       | 30/125 [00:02<00:07, 13.55it/s]
 26%|██▌       | 32/125 [00:02<00:06, 13.79it/s]
 27%|██▋       | 34/125 [00:02<00:06, 13.99it/s]
 29%|██▉       | 36/125 [00:02<00:06, 14.22it/s]
 30%|███       | 38/125 [00:02<00:06, 13.95it/s]
 32%|███▏      | 40/125 [00:02<00:06, 13.75it/s]
 34%|███▎      | 42/125 [00:02<00:06, 13.76it/s]
 35%|███▌      | 44/125 [00:03<00:05, 13.84it/s]
 37%|███▋      | 46/125 [00:03<00:05, 13.75it/s]
 39%|███▉      | 49/125 [00:03<00:04, 17.05it/s]
 42%|████▏     | 53/125 [00:03<00:03, 21.08it/s]
 46%|████▌     | 57/125 [00:03<00:02, 24.20it/s]
 49%|████▉     | 61/125 [00:03<00:02, 26.32it/s]
 52%|█████▏    | 65/125 [00:03<00:02, 28.03it/s]
 54%|█████▍    | 68/125 [00:03<00:02, 28.18it/s]
 57%|█████▋    | 71/125 [00:04<00:01, 27.82it/s]
 59%|█████▉    | 74/125 [00:04<00:01, 28.12it/s]
 62%|██████▏   | 77/125 [00:04<00:01, 28.10it/s]
 65%|██████▍   | 81/125 [00:04<00:01, 30.01it/s]
 68%|██████▊   | 85/125 [00:04<00:01, 31.31it/s]
 71%|███████   | 89/125 [00:04<00:01, 31.81it/s]
 74%|███████▍  | 93/125 [00:04<00:00, 32.15it/s]
 78%|███████▊  | 97/125 [00:04<00:00, 32.07it/s]
 81%|████████  | 101/125 [00:05<00:00, 32.32it/s]
 84%|████████▍ | 105/125 [00:05<00:00, 33.02it/s]
 87%|████████▋ | 109/125 [00:05<00:00, 33.77it/s]
 90%|█████████ | 113/125 [00:05<00:00, 34.31it/s]
 94%|█████████▎| 117/125 [00:05<00:00, 34.70it/s]
 97%|█████████▋| 121/125 [00:05<00:00, 35.03it/s]
100%|██████████| 125/125 [00:05<00:00, 34.55it/s]
100%|██████████| 125/125 [00:05<00:00, 21.87it/s]
{
  "reference": "/data/users/zhoushunyu/eqvae/imagenet_sit_flow/adm_reference_stats/imagenet100_validation_n5000_adm_stats.npz",
  "samples": "/data/users/zhoushunyu/eqvae/imagenet_sit_flow/v800_v270_v400_gamma_search_fid1k_v2/v270/static_sm1p5/samples_unguided_n1000.npz",
  "batch_size": 8,
  "gpu_memory_fraction": 0.25,
  "fid": 66.01618743066695,
  "sfid": 218.27112073093622,
  "inception_score": 37.119728088378906
}
[launch] /home/zhoushunyu/miniconda3/envs/myenv/bin/torchrun --standalone --nproc_per_node=1 /home/zhoushunyu/eqvae/experiments/sample_imagenet100_sit_static_pair_fid.py --anchor-checkpoint /data/users/zhoushunyu/eqvae/imagenet_sit_flow/runs/sit-s-2_seed0/checkpoints/step_00800000.pt --anchor-field auto --other-checkpoint /data/users/zhoushunyu/eqvae/imagenet_sit_flow/runs/sit-s-2_seed0/checkpoints/step_00270000.pt --other-field auto --static-scale -2.0 --control-mode full_pair --window-transition-width 0.01 --output-dir /data/users/zhoushunyu/eqvae/imagenet_sit_flow/v800_v270_v400_gamma_search_fid1k_v2/v270/static_sm2 --weights ema --num-samples 1000 --per-rank-batch-size 8 --vae-decode-batch-size 2 --cuda-allocator-limit-gib 4.0 --inter-batch-sleep 0.0 --global-seed 0 --precision fp32 --allow-tf32 --allow-step-mismatch
/home/zhoushunyu/miniconda3/envs/myenv/lib/python3.10/site-packages/huggingface_hub/utils/_validators.py:205: UserWarning: The `local_dir_use_symlinks` argument is deprecated and ignored in `hf_hub_download`. Downloading to a local directory does not use symlinks anymore.
  warnings.warn(
{"rank": 0, "scale": -2.0, "generated_on_rank": 8, "samples_per_rank": 1000, "elapsed_seconds": 1.3650465959799476, "images_per_second": 5.8606058017066545, "last_batch_nfe": 92}
{"rank": 0, "scale": -2.0, "generated_on_rank": 512, "samples_per_rank": 1000, "elapsed_seconds": 94.30880090600112, "images_per_second": 5.42897370215021, "last_batch_nfe": 68}
{"rank": 0, "scale": -2.0, "generated_on_rank": 1000, "samples_per_rank": 1000, "elapsed_seconds": 153.50177440798143, "images_per_second": 6.514582674087996, "last_batch_nfe": 62}
{"event": "complete", "scale": -2.0, "samples": "/data/users/zhoushunyu/eqvae/imagenet_sit_flow/v800_v270_v400_gamma_search_fid1k_v2/v270/static_sm2/samples_unguided_n1000.npz", "label_count_min": 3, "label_count_max": 18}
[launch] /data/shared/envs/adm-fid/bin/python /home/zhoushunyu/eqvae/experiments/compute_adm_fid.py --reference /data/users/zhoushunyu/eqvae/imagenet_sit_flow/adm_reference_stats/imagenet100_validation_n5000_adm_stats.npz --samples /data/users/zhoushunyu/eqvae/imagenet_sit_flow/v800_v270_v400_gamma_search_fid1k_v2/v270/static_sm2/samples_unguided_n1000.npz --batch-size 8 --gpu-memory-fraction 0.25 --output /data/users/zhoushunyu/eqvae/imagenet_sit_flow/v800_v270_v400_gamma_search_fid1k_v2/v270/static_sm2/fid5k_adm_results.json
2026-08-17 23:25:39.835931: I tensorflow/core/util/port.cc:153] oneDNN custom operations are on. You may see slightly different numerical results due to floating-point round-off errors from different computation orders. To turn them off, set the environment variable `TF_ENABLE_ONEDNN_OPTS=0`.
2026-08-17 23:25:39.850377: E external/local_xla/xla/stream_executor/cuda/cuda_fft.cc:467] Unable to register cuFFT factory: Attempting to register factory for plugin cuFFT when one has already been registered
WARNING: All log messages before absl::InitializeLog() is called are written to STDERR
E0000 00:00:1786980339.866925 3391957 cuda_dnn.cc:8579] Unable to register cuDNN factory: Attempting to register factory for plugin cuDNN when one has already been registered
E0000 00:00:1786980339.871935 3391957 cuda_blas.cc:1407] Unable to register cuBLAS factory: Attempting to register factory for plugin cuBLAS when one has already been registered
W0000 00:00:1786980339.885093 3391957 computation_placer.cc:177] computation placer already registered. Please check linkage and avoid linking the same target more than once.
W0000 00:00:1786980339.885110 3391957 computation_placer.cc:177] computation placer already registered. Please check linkage and avoid linking the same target more than once.
W0000 00:00:1786980339.885111 3391957 computation_placer.cc:177] computation placer already registered. Please check linkage and avoid linking the same target more than once.
W0000 00:00:1786980339.885113 3391957 computation_placer.cc:177] computation placer already registered. Please check linkage and avoid linking the same target more than once.
2026-08-17 23:25:39.889022: I tensorflow/core/platform/cpu_feature_guard.cc:210] This TensorFlow binary is optimized to use available CPU instructions in performance-critical operations.
To enable the following instructions: AVX2 AVX512F AVX512_VNNI FMA, in other operations, rebuild TensorFlow with the appropriate compiler flags.
I0000 00:00:1786980341.659690 3391957 gpu_device.cc:2019] Created device /job:localhost/replica:0/task:0/device:GPU:0 with 6020 MB memory:  -> device: 0, name: NVIDIA GeForce RTX 4090, pci bus id: 0000:4b:00.0, compute capability: 8.9
I0000 00:00:1786980341.693637 3391957 gpu_device.cc:2019] Created device /job:localhost/replica:0/task:0/device:GPU:0 with 6020 MB memory:  -> device: 0, name: NVIDIA GeForce RTX 4090, pci bus id: 0000:4b:00.0, compute capability: 8.9
2026-08-17 23:25:42.244605: W tensorflow/core/framework/op_def_util.cc:370] Op BatchNormWithGlobalNormalization is deprecated. It will cease to work in GraphDef version 9. Use tf.nn.batch_normalization().
Warmup...

  0%|          | 0/1 [00:00<?, ?it/s]WARNING: All log messages before absl::InitializeLog() is called are written to STDERR
I0000 00:00:1786980343.343594 3391957 mlir_graph_optimization_pass.cc:425] MLIR V1 optimization pass is not enabled
I0000 00:00:1786980344.763365 3392222 cuda_dnn.cc:529] Loaded cuDNN version 90300

100%|██████████| 1/1 [00:03<00:00,  3.68s/it]
100%|██████████| 1/1 [00:03<00:00,  3.68s/it]
Reference statistics...
Sample activations/statistics...

  0%|          | 0/125 [00:00<?, ?it/s]
  2%|▏         | 2/125 [00:00<00:09, 12.86it/s]
  3%|▎         | 4/125 [00:00<00:12,  9.32it/s]
  5%|▍         | 6/125 [00:00<00:11, 10.42it/s]
  6%|▋         | 8/125 [00:00<00:12,  9.47it/s]
  8%|▊         | 10/125 [00:00<00:10, 10.54it/s]
 10%|▉         | 12/125 [00:01<00:10, 11.30it/s]
 11%|█         | 14/125 [00:01<00:11, 10.09it/s]
 13%|█▎        | 16/125 [00:01<00:10, 10.82it/s]
 14%|█▍        | 18/125 [00:01<00:09, 11.53it/s]
 16%|█▌        | 20/125 [00:01<00:08, 11.83it/s]
 18%|█▊        | 22/125 [00:02<00:10, 10.26it/s]
 19%|█▉        | 24/125 [00:02<00:09, 11.14it/s]
 21%|██        | 26/125 [00:02<00:08, 11.74it/s]
 22%|██▏       | 28/125 [00:02<00:09, 10.21it/s]
 24%|██▍       | 30/125 [00:02<00:08, 11.04it/s]
 26%|██▌       | 32/125 [00:02<00:07, 11.69it/s]
 27%|██▋       | 34/125 [00:03<00:08, 10.31it/s]
 29%|██▉       | 36/125 [00:03<00:08, 11.10it/s]
 30%|███       | 38/125 [00:03<00:07, 11.74it/s]
 32%|███▏      | 40/125 [00:03<00:08, 10.34it/s]
 34%|███▎      | 42/125 [00:03<00:07, 11.13it/s]
 35%|███▌      | 44/125 [00:04<00:07, 10.19it/s]
 37%|███▋      | 46/125 [00:04<00:07, 10.83it/s]
 38%|███▊      | 48/125 [00:04<00:06, 11.46it/s]
 40%|████      | 50/125 [00:04<00:06, 11.80it/s]
 42%|████▏     | 52/125 [00:04<00:06, 12.16it/s]
 43%|████▎     | 54/125 [00:04<00:06, 10.69it/s]
 45%|████▍     | 56/125 [00:05<00:06, 11.30it/s]
 46%|████▋     | 58/125 [00:05<00:05, 11.84it/s]
 48%|████▊     | 60/125 [00:05<00:06, 10.56it/s]
 50%|████▉     | 62/125 [00:05<00:05, 11.21it/s]
 51%|█████     | 64/125 [00:05<00:05, 11.73it/s]
 53%|█████▎    | 66/125 [00:06<00:05, 10.41it/s]
 54%|█████▍    | 68/125 [00:06<00:05, 11.03it/s]
 56%|█████▌    | 70/125 [00:06<00:04, 11.67it/s]
 58%|█████▊    | 72/125 [00:06<00:05, 10.41it/s]
 59%|█████▉    | 74/125 [00:06<00:04, 11.10it/s]
 61%|██████    | 76/125 [00:06<00:04, 11.63it/s]
 62%|██████▏   | 78/125 [00:07<00:04, 10.23it/s]
 64%|██████▍   | 80/125 [00:07<00:04, 11.01it/s]
 66%|██████▌   | 82/125 [00:07<00:03, 11.64it/s]
 67%|██████▋   | 84/125 [00:07<00:03, 10.32it/s]
 69%|██████▉   | 86/125 [00:07<00:03, 10.99it/s]
 70%|███████   | 88/125 [00:07<00:03, 11.57it/s]
 72%|███████▏  | 90/125 [00:08<00:03, 10.24it/s]
 74%|███████▎  | 92/125 [00:08<00:03, 10.94it/s]
 75%|███████▌  | 94/125 [00:08<00:02, 11.49it/s]
 77%|███████▋  | 96/125 [00:08<00:02, 12.01it/s]
 78%|███████▊  | 98/125 [00:08<00:02, 10.38it/s]
 80%|████████  | 100/125 [00:09<00:02, 10.95it/s]
 82%|████████▏ | 102/125 [00:09<00:01, 11.53it/s]
 83%|████████▎ | 104/125 [00:09<00:02, 10.28it/s]
 85%|████████▍ | 106/125 [00:09<00:01, 11.01it/s]
 86%|████████▋ | 108/125 [00:09<00:01,  9.89it/s]
 88%|████████▊ | 110/125 [00:10<00:01, 10.78it/s]
 90%|████████▉ | 112/125 [00:10<00:01, 11.46it/s]
 91%|█████████ | 114/125 [00:10<00:01, 10.38it/s]
 93%|█████████▎| 116/125 [00:10<00:00, 11.10it/s]
 94%|█████████▍| 118/125 [00:10<00:00, 11.78it/s]
 96%|█████████▌| 120/125 [00:10<00:00, 11.95it/s]
 98%|█████████▊| 122/125 [00:11<00:00, 10.39it/s]
 99%|█████████▉| 124/125 [00:11<00:00, 11.13it/s]
100%|██████████| 125/125 [00:11<00:00, 10.99it/s]
{
  "reference": "/data/users/zhoushunyu/eqvae/imagenet_sit_flow/adm_reference_stats/imagenet100_validation_n5000_adm_stats.npz",
  "samples": "/data/users/zhoushunyu/eqvae/imagenet_sit_flow/v800_v270_v400_gamma_search_fid1k_v2/v270/static_sm2/samples_unguided_n1000.npz",
  "batch_size": 8,
  "gpu_memory_fraction": 0.25,
  "fid": 63.2904839415433,
  "sfid": 218.3172933158546,
  "inception_score": 38.004547119140625
}
[launch] /home/zhoushunyu/miniconda3/envs/myenv/bin/torchrun --standalone --nproc_per_node=1 /home/zhoushunyu/eqvae/experiments/sample_imagenet100_sit_static_pair_fid.py --anchor-checkpoint /data/users/zhoushunyu/eqvae/imagenet_sit_flow/runs/sit-s-2_seed0/checkpoints/step_00800000.pt --anchor-field auto --other-checkpoint /data/users/zhoushunyu/eqvae/imagenet_sit_flow/runs/sit-s-2_seed0/checkpoints/step_00270000.pt --other-field auto --static-scale -2.5 --control-mode full_pair --window-transition-width 0.01 --output-dir /data/users/zhoushunyu/eqvae/imagenet_sit_flow/v800_v270_v400_gamma_search_fid1k_v2/v270/static_sm2p5 --weights ema --num-samples 1000 --per-rank-batch-size 8 --vae-decode-batch-size 2 --cuda-allocator-limit-gib 4.0 --inter-batch-sleep 0.0 --global-seed 0 --precision fp32 --allow-tf32 --allow-step-mismatch
/home/zhoushunyu/miniconda3/envs/myenv/lib/python3.10/site-packages/huggingface_hub/utils/_validators.py:205: UserWarning: The `local_dir_use_symlinks` argument is deprecated and ignored in `hf_hub_download`. Downloading to a local directory does not use symlinks anymore.
  warnings.warn(
{"rank": 0, "scale": -2.5, "generated_on_rank": 8, "samples_per_rank": 1000, "elapsed_seconds": 2.1649695510277525, "images_per_second": 3.695202085499192, "last_batch_nfe": 110}
{"rank": 0, "scale": -2.5, "generated_on_rank": 512, "samples_per_rank": 1000, "elapsed_seconds": 72.17044364102185, "images_per_second": 7.094316927670623, "last_batch_nfe": 80}
{"rank": 0, "scale": -2.5, "generated_on_rank": 1000, "samples_per_rank": 1000, "elapsed_seconds": 171.51145742600784, "images_per_second": 5.83051427005343, "last_batch_nfe": 80}
{"event": "complete", "scale": -2.5, "samples": "/data/users/zhoushunyu/eqvae/imagenet_sit_flow/v800_v270_v400_gamma_search_fid1k_v2/v270/static_sm2p5/samples_unguided_n1000.npz", "label_count_min": 3, "label_count_max": 18}
[launch] /data/shared/envs/adm-fid/bin/python /home/zhoushunyu/eqvae/experiments/compute_adm_fid.py --reference /data/users/zhoushunyu/eqvae/imagenet_sit_flow/adm_reference_stats/imagenet100_validation_n5000_adm_stats.npz --samples /data/users/zhoushunyu/eqvae/imagenet_sit_flow/v800_v270_v400_gamma_search_fid1k_v2/v270/static_sm2p5/samples_unguided_n1000.npz --batch-size 8 --gpu-memory-fraction 0.25 --output /data/users/zhoushunyu/eqvae/imagenet_sit_flow/v800_v270_v400_gamma_search_fid1k_v2/v270/static_sm2p5/fid5k_adm_results.json
2026-08-17 23:29:18.589573: I tensorflow/core/util/port.cc:153] oneDNN custom operations are on. You may see slightly different numerical results due to floating-point round-off errors from different computation orders. To turn them off, set the environment variable `TF_ENABLE_ONEDNN_OPTS=0`.
2026-08-17 23:29:18.607639: E external/local_xla/xla/stream_executor/cuda/cuda_fft.cc:467] Unable to register cuFFT factory: Attempting to register factory for plugin cuFFT when one has already been registered
WARNING: All log messages before absl::InitializeLog() is called are written to STDERR
E0000 00:00:1786980558.627419 3401145 cuda_dnn.cc:8579] Unable to register cuDNN factory: Attempting to register factory for plugin cuDNN when one has already been registered
E0000 00:00:1786980558.633458 3401145 cuda_blas.cc:1407] Unable to register cuBLAS factory: Attempting to register factory for plugin cuBLAS when one has already been registered
W0000 00:00:1786980558.650269 3401145 computation_placer.cc:177] computation placer already registered. Please check linkage and avoid linking the same target more than once.
W0000 00:00:1786980558.650293 3401145 computation_placer.cc:177] computation placer already registered. Please check linkage and avoid linking the same target more than once.
W0000 00:00:1786980558.650296 3401145 computation_placer.cc:177] computation placer already registered. Please check linkage and avoid linking the same target more than once.
W0000 00:00:1786980558.650298 3401145 computation_placer.cc:177] computation placer already registered. Please check linkage and avoid linking the same target more than once.
2026-08-17 23:29:18.655177: I tensorflow/core/platform/cpu_feature_guard.cc:210] This TensorFlow binary is optimized to use available CPU instructions in performance-critical operations.
To enable the following instructions: AVX2 AVX512F AVX512_VNNI FMA, in other operations, rebuild TensorFlow with the appropriate compiler flags.
I0000 00:00:1786980560.473272 3401145 gpu_device.cc:2019] Created device /job:localhost/replica:0/task:0/device:GPU:0 with 6020 MB memory:  -> device: 0, name: NVIDIA GeForce RTX 4090, pci bus id: 0000:4b:00.0, compute capability: 8.9
I0000 00:00:1786980560.507612 3401145 gpu_device.cc:2019] Created device /job:localhost/replica:0/task:0/device:GPU:0 with 6020 MB memory:  -> device: 0, name: NVIDIA GeForce RTX 4090, pci bus id: 0000:4b:00.0, compute capability: 8.9
2026-08-17 23:29:21.065994: W tensorflow/core/framework/op_def_util.cc:370] Op BatchNormWithGlobalNormalization is deprecated. It will cease to work in GraphDef version 9. Use tf.nn.batch_normalization().
Warmup...

  0%|          | 0/1 [00:00<?, ?it/s]WARNING: All log messages before absl::InitializeLog() is called are written to STDERR
I0000 00:00:1786980562.149659 3401145 mlir_graph_optimization_pass.cc:425] MLIR V1 optimization pass is not enabled
I0000 00:00:1786980563.523140 3401876 cuda_dnn.cc:529] Loaded cuDNN version 90300

100%|██████████| 1/1 [00:03<00:00,  3.05s/it]
100%|██████████| 1/1 [00:03<00:00,  3.05s/it]
Reference statistics...
Sample activations/statistics...

  0%|          | 0/125 [00:00<?, ?it/s]
  2%|▏         | 2/125 [00:00<00:07, 17.48it/s]
  3%|▎         | 4/125 [00:00<00:07, 15.30it/s]
  5%|▍         | 6/125 [00:00<00:07, 15.07it/s]
  6%|▋         | 8/125 [00:00<00:07, 15.33it/s]
  8%|▊         | 10/125 [00:00<00:07, 15.65it/s]
 10%|▉         | 12/125 [00:00<00:06, 16.37it/s]
 12%|█▏        | 15/125 [00:00<00:06, 16.97it/s]
 14%|█▎        | 17/125 [00:01<00:06, 16.14it/s]
 15%|█▌        | 19/125 [00:01<00:06, 15.90it/s]
 17%|█▋        | 21/125 [00:01<00:06, 16.09it/s]
 18%|█▊        | 23/125 [00:01<00:06, 16.08it/s]
 20%|██        | 25/125 [00:01<00:06, 15.36it/s]
 22%|██▏       | 27/125 [00:01<00:06, 14.82it/s]
 23%|██▎       | 29/125 [00:01<00:06, 14.35it/s]
 25%|██▍       | 31/125 [00:02<00:06, 14.08it/s]
 26%|██▋       | 33/125 [00:02<00:06, 14.08it/s]
 28%|██▊       | 35/125 [00:02<00:06, 13.58it/s]
 30%|██▉       | 37/125 [00:02<00:06, 13.37it/s]
 31%|███       | 39/125 [00:02<00:06, 13.52it/s]
 33%|███▎      | 41/125 [00:02<00:06, 13.70it/s]
 34%|███▍      | 43/125 [00:02<00:05, 13.79it/s]
 36%|███▌      | 45/125 [00:03<00:05, 13.87it/s]
 38%|███▊      | 47/125 [00:03<00:05, 13.92it/s]
 39%|███▉      | 49/125 [00:03<00:05, 14.01it/s]
 41%|████      | 51/125 [00:03<00:05, 14.13it/s]
 42%|████▏     | 53/125 [00:03<00:05, 14.10it/s]
 44%|████▍     | 55/125 [00:03<00:04, 14.17it/s]
 46%|████▌     | 57/125 [00:03<00:04, 14.07it/s]
 47%|████▋     | 59/125 [00:04<00:04, 13.98it/s]
 49%|████▉     | 61/125 [00:04<00:04, 13.96it/s]
 50%|█████     | 63/125 [00:04<00:04, 14.00it/s]
 52%|█████▏    | 65/125 [00:04<00:04, 13.98it/s]
 54%|█████▎    | 67/125 [00:04<00:04, 13.90it/s]
 55%|█████▌    | 69/125 [00:04<00:04, 13.67it/s]
 57%|█████▋    | 71/125 [00:04<00:03, 13.86it/s]
 58%|█████▊    | 73/125 [00:05<00:03, 13.94it/s]
 60%|██████    | 75/125 [00:05<00:03, 13.92it/s]
 62%|██████▏   | 77/125 [00:05<00:03, 13.98it/s]
 63%|██████▎   | 79/125 [00:05<00:03, 14.00it/s]
 65%|██████▍   | 81/125 [00:05<00:03, 14.04it/s]
 66%|██████▋   | 83/125 [00:05<00:03, 13.95it/s]
 68%|██████▊   | 85/125 [00:05<00:02, 13.73it/s]
 70%|██████▉   | 87/125 [00:06<00:02, 13.68it/s]
 71%|███████   | 89/125 [00:06<00:02, 13.83it/s]
 73%|███████▎  | 91/125 [00:06<00:02, 13.85it/s]
 74%|███████▍  | 93/125 [00:06<00:02, 13.99it/s]
 76%|███████▌  | 95/125 [00:06<00:02, 14.10it/s]
 78%|███████▊  | 97/125 [00:06<00:01, 14.09it/s]
 79%|███████▉  | 99/125 [00:06<00:01, 14.83it/s]
 81%|████████  | 101/125 [00:07<00:01, 15.25it/s]
 82%|████████▏ | 103/125 [00:07<00:01, 15.50it/s]
 84%|████████▍ | 105/125 [00:07<00:01, 15.53it/s]
 86%|████████▌ | 107/125 [00:07<00:01, 15.60it/s]
 87%|████████▋ | 109/125 [00:07<00:01, 15.65it/s]
 89%|████████▉ | 111/125 [00:07<00:00, 15.81it/s]
 90%|█████████ | 113/125 [00:07<00:00, 15.89it/s]
 92%|█████████▏| 115/125 [00:07<00:00, 16.03it/s]
 94%|█████████▎| 117/125 [00:08<00:00, 16.12it/s]
 95%|█████████▌| 119/125 [00:08<00:00, 16.11it/s]
 97%|█████████▋| 121/125 [00:08<00:00, 15.68it/s]
 98%|█████████▊| 123/125 [00:08<00:00, 15.88it/s]
100%|██████████| 125/125 [00:08<00:00, 15.95it/s]
100%|██████████| 125/125 [00:08<00:00, 14.67it/s]
{
  "reference": "/data/users/zhoushunyu/eqvae/imagenet_sit_flow/adm_reference_stats/imagenet100_validation_n5000_adm_stats.npz",
  "samples": "/data/users/zhoushunyu/eqvae/imagenet_sit_flow/v800_v270_v400_gamma_search_fid1k_v2/v270/static_sm2p5/samples_unguided_n1000.npz",
  "batch_size": 8,
  "gpu_memory_fraction": 0.25,
  "fid": 62.41757925371314,
  "sfid": 218.42474994048223,
  "inception_score": 37.777408599853516
}
[launch] /home/zhoushunyu/miniconda3/envs/myenv/bin/torchrun --standalone --nproc_per_node=1 /home/zhoushunyu/eqvae/experiments/sample_imagenet100_sit_static_pair_fid.py --anchor-checkpoint /data/users/zhoushunyu/eqvae/imagenet_sit_flow/runs/sit-s-2_seed0/checkpoints/step_00800000.pt --anchor-field auto --other-checkpoint /data/users/zhoushunyu/eqvae/imagenet_sit_flow/runs/sit-s-2_seed0/checkpoints/step_00270000.pt --other-field auto --static-scale -3.0 --control-mode full_pair --window-transition-width 0.01 --output-dir /data/users/zhoushunyu/eqvae/imagenet_sit_flow/v800_v270_v400_gamma_search_fid1k_v2/v270/static_sm3 --weights ema --num-samples 1000 --per-rank-batch-size 8 --vae-decode-batch-size 2 --cuda-allocator-limit-gib 4.0 --inter-batch-sleep 0.0 --global-seed 0 --precision fp32 --allow-tf32 --allow-step-mismatch
/home/zhoushunyu/miniconda3/envs/myenv/lib/python3.10/site-packages/huggingface_hub/utils/_validators.py:205: UserWarning: The `local_dir_use_symlinks` argument is deprecated and ignored in `hf_hub_download`. Downloading to a local directory does not use symlinks anymore.
  warnings.warn(
{"rank": 0, "scale": -3.0, "generated_on_rank": 8, "samples_per_rank": 1000, "elapsed_seconds": 2.3269419969874434, "images_per_second": 3.4379885748579615, "last_batch_nfe": 92}
{"rank": 0, "scale": -3.0, "generated_on_rank": 512, "samples_per_rank": 1000, "elapsed_seconds": 105.20511642599013, "images_per_second": 4.866683459831372, "last_batch_nfe": 92}
{"rank": 0, "scale": -3.0, "generated_on_rank": 1000, "samples_per_rank": 1000, "elapsed_seconds": 197.77024341298966, "images_per_second": 5.056372398307517, "last_batch_nfe": 68}
{"event": "complete", "scale": -3.0, "samples": "/data/users/zhoushunyu/eqvae/imagenet_sit_flow/v800_v270_v400_gamma_search_fid1k_v2/v270/static_sm3/samples_unguided_n1000.npz", "label_count_min": 3, "label_count_max": 18}
[launch] /data/shared/envs/adm-fid/bin/python /home/zhoushunyu/eqvae/experiments/compute_adm_fid.py --reference /data/users/zhoushunyu/eqvae/imagenet_sit_flow/adm_reference_stats/imagenet100_validation_n5000_adm_stats.npz --samples /data/users/zhoushunyu/eqvae/imagenet_sit_flow/v800_v270_v400_gamma_search_fid1k_v2/v270/static_sm3/samples_unguided_n1000.npz --batch-size 8 --gpu-memory-fraction 0.25 --output /data/users/zhoushunyu/eqvae/imagenet_sit_flow/v800_v270_v400_gamma_search_fid1k_v2/v270/static_sm3/fid5k_adm_results.json
2026-08-17 23:33:19.525241: I tensorflow/core/util/port.cc:153] oneDNN custom operations are on. You may see slightly different numerical results due to floating-point round-off errors from different computation orders. To turn them off, set the environment variable `TF_ENABLE_ONEDNN_OPTS=0`.
2026-08-17 23:33:19.540033: E external/local_xla/xla/stream_executor/cuda/cuda_fft.cc:467] Unable to register cuFFT factory: Attempting to register factory for plugin cuFFT when one has already been registered
WARNING: All log messages before absl::InitializeLog() is called are written to STDERR
E0000 00:00:1786980799.557089 3410259 cuda_dnn.cc:8579] Unable to register cuDNN factory: Attempting to register factory for plugin cuDNN when one has already been registered
E0000 00:00:1786980799.562406 3410259 cuda_blas.cc:1407] Unable to register cuBLAS factory: Attempting to register factory for plugin cuBLAS when one has already been registered
W0000 00:00:1786980799.576211 3410259 computation_placer.cc:177] computation placer already registered. Please check linkage and avoid linking the same target more than once.
W0000 00:00:1786980799.576228 3410259 computation_placer.cc:177] computation placer already registered. Please check linkage and avoid linking the same target more than once.
W0000 00:00:1786980799.576230 3410259 computation_placer.cc:177] computation placer already registered. Please check linkage and avoid linking the same target more than once.
W0000 00:00:1786980799.576231 3410259 computation_placer.cc:177] computation placer already registered. Please check linkage and avoid linking the same target more than once.
2026-08-17 23:33:19.580326: I tensorflow/core/platform/cpu_feature_guard.cc:210] This TensorFlow binary is optimized to use available CPU instructions in performance-critical operations.
To enable the following instructions: AVX2 AVX512F AVX512_VNNI FMA, in other operations, rebuild TensorFlow with the appropriate compiler flags.
I0000 00:00:1786980801.335508 3410259 gpu_device.cc:2019] Created device /job:localhost/replica:0/task:0/device:GPU:0 with 6020 MB memory:  -> device: 0, name: NVIDIA GeForce RTX 4090, pci bus id: 0000:4b:00.0, compute capability: 8.9
I0000 00:00:1786980801.371259 3410259 gpu_device.cc:2019] Created device /job:localhost/replica:0/task:0/device:GPU:0 with 6020 MB memory:  -> device: 0, name: NVIDIA GeForce RTX 4090, pci bus id: 0000:4b:00.0, compute capability: 8.9
2026-08-17 23:33:21.929856: W tensorflow/core/framework/op_def_util.cc:370] Op BatchNormWithGlobalNormalization is deprecated. It will cease to work in GraphDef version 9. Use tf.nn.batch_normalization().
Warmup...

  0%|          | 0/1 [00:00<?, ?it/s]WARNING: All log messages before absl::InitializeLog() is called are written to STDERR
I0000 00:00:1786980802.991993 3410259 mlir_graph_optimization_pass.cc:425] MLIR V1 optimization pass is not enabled
I0000 00:00:1786980804.471272 3410493 cuda_dnn.cc:529] Loaded cuDNN version 90300

100%|██████████| 1/1 [00:04<00:00,  4.41s/it]
100%|██████████| 1/1 [00:04<00:00,  4.41s/it]
Reference statistics...
Sample activations/statistics...

  0%|          | 0/125 [00:00<?, ?it/s]
  2%|▏         | 2/125 [00:00<00:07, 17.24it/s]
  3%|▎         | 4/125 [00:00<00:07, 17.05it/s]
  5%|▍         | 6/125 [00:00<00:07, 16.62it/s]
  7%|▋         | 9/125 [00:00<00:06, 18.84it/s]
  9%|▉         | 11/125 [00:00<00:06, 17.95it/s]
 10%|█         | 13/125 [00:00<00:06, 17.43it/s]
 12%|█▏        | 15/125 [00:00<00:06, 16.89it/s]
 14%|█▎        | 17/125 [00:00<00:06, 16.63it/s]
 15%|█▌        | 19/125 [00:01<00:06, 16.56it/s]
 17%|█▋        | 21/125 [00:01<00:06, 16.64it/s]
 18%|█▊        | 23/125 [00:01<00:06, 16.43it/s]
 20%|██        | 25/125 [00:01<00:06, 16.40it/s]
 22%|██▏       | 27/125 [00:01<00:05, 16.44it/s]
 23%|██▎       | 29/125 [00:01<00:05, 16.10it/s]
 25%|██▍       | 31/125 [00:01<00:05, 15.93it/s]
 26%|██▋       | 33/125 [00:01<00:05, 16.12it/s]
 28%|██▊       | 35/125 [00:02<00:05, 16.54it/s]
 30%|██▉       | 37/125 [00:02<00:05, 16.28it/s]
 31%|███       | 39/125 [00:02<00:05, 16.05it/s]
 33%|███▎      | 41/125 [00:02<00:05, 15.80it/s]
 34%|███▍      | 43/125 [00:02<00:05, 15.76it/s]
 36%|███▌      | 45/125 [00:02<00:05, 15.71it/s]
 38%|███▊      | 47/125 [00:02<00:04, 15.75it/s]
 39%|███▉      | 49/125 [00:03<00:04, 15.39it/s]
 41%|████      | 51/125 [00:03<00:04, 15.60it/s]
 42%|████▏     | 53/125 [00:03<00:04, 15.51it/s]
 44%|████▍     | 55/125 [00:03<00:04, 15.53it/s]
 46%|████▌     | 57/125 [00:03<00:04, 15.62it/s]
 47%|████▋     | 59/125 [00:03<00:04, 15.65it/s]
 49%|████▉     | 61/125 [00:03<00:04, 15.56it/s]
 50%|█████     | 63/125 [00:03<00:03, 15.71it/s]
 52%|█████▏    | 65/125 [00:04<00:03, 15.70it/s]
 54%|█████▎    | 67/125 [00:04<00:03, 15.85it/s]
 55%|█████▌    | 69/125 [00:04<00:03, 15.79it/s]
 57%|█████▋    | 71/125 [00:04<00:03, 15.78it/s]
 58%|█████▊    | 73/125 [00:04<00:03, 15.35it/s]
 60%|██████    | 75/125 [00:04<00:03, 15.24it/s]
 62%|██████▏   | 77/125 [00:04<00:03, 15.42it/s]
 63%|██████▎   | 79/125 [00:04<00:02, 15.42it/s]
 65%|██████▍   | 81/125 [00:05<00:02, 15.43it/s]
 66%|██████▋   | 83/125 [00:05<00:02, 15.54it/s]
 68%|██████▊   | 85/125 [00:05<00:02, 15.56it/s]
 70%|██████▉   | 87/125 [00:05<00:02, 15.70it/s]
 71%|███████   | 89/125 [00:05<00:02, 15.78it/s]
 73%|███████▎  | 91/125 [00:05<00:02, 15.81it/s]
 74%|███████▍  | 93/125 [00:05<00:02, 15.33it/s]
 76%|███████▌  | 95/125 [00:05<00:01, 15.35it/s]
 78%|███████▊  | 97/125 [00:06<00:01, 15.30it/s]
 79%|███████▉  | 99/125 [00:06<00:01, 15.37it/s]
 81%|████████  | 101/125 [00:06<00:01, 15.43it/s]
 82%|████████▏ | 103/125 [00:06<00:01, 15.32it/s]
 84%|████████▍ | 105/125 [00:06<00:01, 15.33it/s]
 86%|████████▌ | 107/125 [00:06<00:01, 15.31it/s]
 87%|████████▋ | 109/125 [00:06<00:01, 14.11it/s]
 89%|████████▉ | 111/125 [00:07<00:01, 13.09it/s]
 90%|█████████ | 113/125 [00:07<00:00, 12.70it/s]
 92%|█████████▏| 115/125 [00:07<00:00, 12.74it/s]
 94%|█████████▎| 117/125 [00:07<00:00, 12.97it/s]
 95%|█████████▌| 119/125 [00:07<00:00, 13.57it/s]
 97%|█████████▋| 121/125 [00:07<00:00, 13.68it/s]
 98%|█████████▊| 123/125 [00:07<00:00, 13.78it/s]
100%|██████████| 125/125 [00:08<00:00, 13.63it/s]
100%|██████████| 125/125 [00:08<00:00, 15.39it/s]
{
  "reference": "/data/users/zhoushunyu/eqvae/imagenet_sit_flow/adm_reference_stats/imagenet100_validation_n5000_adm_stats.npz",
  "samples": "/data/users/zhoushunyu/eqvae/imagenet_sit_flow/v800_v270_v400_gamma_search_fid1k_v2/v270/static_sm3/samples_unguided_n1000.npz",
  "batch_size": 8,
  "gpu_memory_fraction": 0.25,
  "fid": 61.26135988051999,
  "sfid": 218.74425081565528,
  "inception_score": 37.12431335449219
}
[launch] /home/zhoushunyu/miniconda3/envs/myenv/bin/torchrun --standalone --nproc_per_node=1 /home/zhoushunyu/eqvae/experiments/sample_imagenet100_sit_static_pair_fid.py --anchor-checkpoint /data/users/zhoushunyu/eqvae/imagenet_sit_flow/runs/sit-s-2_seed0/checkpoints/step_00800000.pt --anchor-field auto --other-checkpoint /data/users/zhoushunyu/eqvae/imagenet_sit_flow/runs/sit-s-2_seed0/checkpoints/step_00270000.pt --other-field auto --static-scale -3.5 --control-mode full_pair --window-transition-width 0.01 --output-dir /data/users/zhoushunyu/eqvae/imagenet_sit_flow/v800_v270_v400_gamma_search_fid1k_v2/v270/static_sm3p5 --weights ema --num-samples 1000 --per-rank-batch-size 8 --vae-decode-batch-size 2 --cuda-allocator-limit-gib 4.0 --inter-batch-sleep 0.0 --global-seed 0 --precision fp32 --allow-tf32 --allow-step-mismatch
/home/zhoushunyu/miniconda3/envs/myenv/lib/python3.10/site-packages/huggingface_hub/utils/_validators.py:205: UserWarning: The `local_dir_use_symlinks` argument is deprecated and ignored in `hf_hub_download`. Downloading to a local directory does not use symlinks anymore.
  warnings.warn(
{"rank": 0, "scale": -3.5, "generated_on_rank": 8, "samples_per_rank": 1000, "elapsed_seconds": 1.622517334006261, "images_per_second": 4.930609881526929, "last_batch_nfe": 122}
{"rank": 0, "scale": -3.5, "generated_on_rank": 512, "samples_per_rank": 1000, "elapsed_seconds": 113.78917781700147, "images_per_second": 4.49954916471416, "last_batch_nfe": 98}
{"rank": 0, "scale": -3.5, "generated_on_rank": 1000, "samples_per_rank": 1000, "elapsed_seconds": 187.79842879599892, "images_per_second": 5.32485818124856, "last_batch_nfe": 80}
{"event": "complete", "scale": -3.5, "samples": "/data/users/zhoushunyu/eqvae/imagenet_sit_flow/v800_v270_v400_gamma_search_fid1k_v2/v270/static_sm3p5/samples_unguided_n1000.npz", "label_count_min": 3, "label_count_max": 18}
[launch] /data/shared/envs/adm-fid/bin/python /home/zhoushunyu/eqvae/experiments/compute_adm_fid.py --reference /data/users/zhoushunyu/eqvae/imagenet_sit_flow/adm_reference_stats/imagenet100_validation_n5000_adm_stats.npz --samples /data/users/zhoushunyu/eqvae/imagenet_sit_flow/v800_v270_v400_gamma_search_fid1k_v2/v270/static_sm3p5/samples_unguided_n1000.npz --batch-size 8 --gpu-memory-fraction 0.25 --output /data/users/zhoushunyu/eqvae/imagenet_sit_flow/v800_v270_v400_gamma_search_fid1k_v2/v270/static_sm3p5/fid5k_adm_results.json
2026-08-17 23:37:11.959264: I tensorflow/core/util/port.cc:153] oneDNN custom operations are on. You may see slightly different numerical results due to floating-point round-off errors from different computation orders. To turn them off, set the environment variable `TF_ENABLE_ONEDNN_OPTS=0`.
2026-08-17 23:37:11.974370: E external/local_xla/xla/stream_executor/cuda/cuda_fft.cc:467] Unable to register cuFFT factory: Attempting to register factory for plugin cuFFT when one has already been registered
WARNING: All log messages before absl::InitializeLog() is called are written to STDERR
E0000 00:00:1786981031.991422 3420042 cuda_dnn.cc:8579] Unable to register cuDNN factory: Attempting to register factory for plugin cuDNN when one has already been registered
E0000 00:00:1786981031.996831 3420042 cuda_blas.cc:1407] Unable to register cuBLAS factory: Attempting to register factory for plugin cuBLAS when one has already been registered
W0000 00:00:1786981032.010862 3420042 computation_placer.cc:177] computation placer already registered. Please check linkage and avoid linking the same target more than once.
W0000 00:00:1786981032.010878 3420042 computation_placer.cc:177] computation placer already registered. Please check linkage and avoid linking the same target more than once.
W0000 00:00:1786981032.010880 3420042 computation_placer.cc:177] computation placer already registered. Please check linkage and avoid linking the same target more than once.
W0000 00:00:1786981032.010881 3420042 computation_placer.cc:177] computation placer already registered. Please check linkage and avoid linking the same target more than once.
2026-08-17 23:37:12.015009: I tensorflow/core/platform/cpu_feature_guard.cc:210] This TensorFlow binary is optimized to use available CPU instructions in performance-critical operations.
To enable the following instructions: AVX2 AVX512F AVX512_VNNI FMA, in other operations, rebuild TensorFlow with the appropriate compiler flags.
I0000 00:00:1786981033.803397 3420042 gpu_device.cc:2019] Created device /job:localhost/replica:0/task:0/device:GPU:0 with 6020 MB memory:  -> device: 0, name: NVIDIA GeForce RTX 4090, pci bus id: 0000:4b:00.0, compute capability: 8.9
I0000 00:00:1786981033.842583 3420042 gpu_device.cc:2019] Created device /job:localhost/replica:0/task:0/device:GPU:0 with 6020 MB memory:  -> device: 0, name: NVIDIA GeForce RTX 4090, pci bus id: 0000:4b:00.0, compute capability: 8.9
2026-08-17 23:37:14.396543: W tensorflow/core/framework/op_def_util.cc:370] Op BatchNormWithGlobalNormalization is deprecated. It will cease to work in GraphDef version 9. Use tf.nn.batch_normalization().
Warmup...

  0%|          | 0/1 [00:00<?, ?it/s]WARNING: All log messages before absl::InitializeLog() is called are written to STDERR
I0000 00:00:1786981035.397674 3420042 mlir_graph_optimization_pass.cc:425] MLIR V1 optimization pass is not enabled
I0000 00:00:1786981036.875610 3420311 cuda_dnn.cc:529] Loaded cuDNN version 90300

100%|██████████| 1/1 [00:04<00:00,  4.09s/it]
100%|██████████| 1/1 [00:04<00:00,  4.10s/it]
Reference statistics...
Sample activations/statistics...

  0%|          | 0/125 [00:00<?, ?it/s]
  1%|          | 1/125 [00:00<00:26,  4.73it/s]
  2%|▏         | 2/125 [00:00<00:20,  6.09it/s]
  2%|▏         | 3/125 [00:00<00:18,  6.74it/s]
  3%|▎         | 4/125 [00:00<00:21,  5.67it/s]
  4%|▍         | 5/125 [00:00<00:19,  6.28it/s]
  5%|▍         | 6/125 [00:00<00:17,  6.63it/s]
  6%|▌         | 7/125 [00:01<00:16,  6.95it/s]
  6%|▋         | 8/125 [00:01<00:16,  7.18it/s]
  7%|▋         | 9/125 [00:01<00:19,  6.05it/s]
  8%|▊         | 10/125 [00:01<00:17,  6.48it/s]
  9%|▉         | 11/125 [00:01<00:16,  6.80it/s]
 10%|▉         | 12/125 [00:01<00:19,  5.91it/s]
 10%|█         | 13/125 [00:02<00:17,  6.34it/s]
 11%|█         | 14/125 [00:02<00:16,  6.70it/s]
 12%|█▏        | 15/125 [00:02<00:18,  5.92it/s]
 13%|█▎        | 16/125 [00:02<00:17,  6.37it/s]
 14%|█▎        | 17/125 [00:02<00:16,  6.68it/s]
 14%|█▍        | 18/125 [00:02<00:17,  5.95it/s]
 15%|█▌        | 19/125 [00:02<00:16,  6.39it/s]
 16%|█▌        | 20/125 [00:03<00:15,  6.75it/s]
 17%|█▋        | 21/125 [00:03<00:14,  6.99it/s]
 18%|█▊        | 22/125 [00:03<00:16,  6.08it/s]
 18%|█▊        | 23/125 [00:03<00:15,  6.53it/s]
 19%|█▉        | 24/125 [00:03<00:14,  6.92it/s]
 20%|██        | 25/125 [00:03<00:13,  7.19it/s]
 21%|██        | 26/125 [00:03<00:13,  7.41it/s]
 22%|██▏       | 27/125 [00:04<00:15,  6.38it/s]
 22%|██▏       | 28/125 [00:04<00:14,  6.77it/s]
 23%|██▎       | 29/125 [00:04<00:13,  7.03it/s]
 24%|██▍       | 30/125 [00:04<00:15,  6.11it/s]
 25%|██▍       | 31/125 [00:04<00:14,  6.50it/s]
 26%|██▌       | 32/125 [00:04<00:13,  6.89it/s]
 26%|██▋       | 33/125 [00:05<00:13,  6.93it/s]
 27%|██▋       | 34/125 [00:05<00:14,  6.35it/s]
 28%|██▊       | 35/125 [00:05<00:13,  6.76it/s]
 29%|██▉       | 36/125 [00:05<00:14,  5.94it/s]
 30%|██▉       | 37/125 [00:05<00:13,  6.41it/s]
 30%|███       | 38/125 [00:05<00:12,  6.81it/s]
 31%|███       | 39/125 [00:06<00:14,  6.02it/s]
 32%|███▏      | 40/125 [00:06<00:13,  6.50it/s]
 33%|███▎      | 41/125 [00:06<00:12,  6.86it/s]
 34%|███▎      | 42/125 [00:06<00:11,  7.14it/s]
 34%|███▍      | 43/125 [00:06<00:13,  6.14it/s]
 35%|███▌      | 44/125 [00:06<00:12,  6.50it/s]
 36%|███▌      | 45/125 [00:06<00:11,  6.86it/s]
 37%|███▋      | 46/125 [00:07<00:11,  7.11it/s]
 38%|███▊      | 47/125 [00:07<00:12,  6.16it/s]
 38%|███▊      | 48/125 [00:07<00:11,  6.61it/s]
 39%|███▉      | 49/125 [00:07<00:10,  6.96it/s]
 40%|████      | 50/125 [00:07<00:12,  6.05it/s]
 41%|████      | 51/125 [00:07<00:11,  6.52it/s]
 42%|████▏     | 52/125 [00:07<00:10,  6.86it/s]
 42%|████▏     | 53/125 [00:08<00:11,  6.05it/s]
 43%|████▎     | 54/125 [00:08<00:11,  6.43it/s]
 44%|████▍     | 55/125 [00:08<00:10,  6.76it/s]
 45%|████▍     | 56/125 [00:08<00:09,  7.04it/s]
 46%|████▌     | 57/125 [00:08<00:11,  6.13it/s]
 46%|████▋     | 58/125 [00:08<00:10,  6.58it/s]
 47%|████▋     | 59/125 [00:09<00:09,  6.93it/s]
 48%|████▊     | 60/125 [00:09<00:09,  7.20it/s]
 49%|████▉     | 61/125 [00:09<00:10,  6.09it/s]
 50%|████▉     | 62/125 [00:09<00:09,  6.55it/s]
 50%|█████     | 63/125 [00:09<00:09,  6.84it/s]
 51%|█████     | 64/125 [00:09<00:10,  5.98it/s]
 52%|█████▏    | 65/125 [00:09<00:09,  6.43it/s]
 53%|█████▎    | 66/125 [00:10<00:08,  6.79it/s]
 54%|█████▎    | 67/125 [00:10<00:09,  6.43it/s]
 54%|█████▍    | 68/125 [00:10<00:08,  6.40it/s]
 55%|█████▌    | 69/125 [00:10<00:08,  6.79it/s]
 56%|█████▌    | 70/125 [00:10<00:08,  6.56it/s]
 57%|█████▋    | 71/125 [00:10<00:08,  6.35it/s]
 58%|█████▊    | 72/125 [00:11<00:07,  6.76it/s]
 58%|█████▊    | 73/125 [00:11<00:07,  7.10it/s]
 59%|█████▉    | 74/125 [00:11<00:06,  7.30it/s]
 60%|██████    | 75/125 [00:11<00:07,  6.25it/s]
 61%|██████    | 76/125 [00:11<00:07,  6.68it/s]
 62%|██████▏   | 77/125 [00:11<00:06,  6.98it/s]
 62%|██████▏   | 78/125 [00:11<00:06,  7.13it/s]
 63%|██████▎   | 79/125 [00:12<00:06,  7.32it/s]
 64%|██████▍   | 80/125 [00:12<00:07,  6.25it/s]
 65%|██████▍   | 81/125 [00:12<00:06,  6.63it/s]
 66%|██████▌   | 82/125 [00:12<00:06,  6.91it/s]
 66%|██████▋   | 83/125 [00:12<00:05,  7.16it/s]
 67%|██████▋   | 84/125 [00:12<00:06,  6.17it/s]
 68%|██████▊   | 85/125 [00:12<00:06,  6.64it/s]
 69%|██████▉   | 86/125 [00:13<00:05,  6.91it/s]
 70%|██████▉   | 87/125 [00:13<00:06,  6.06it/s]
 70%|███████   | 88/125 [00:13<00:05,  6.45it/s]
 71%|███████   | 89/125 [00:13<00:05,  6.81it/s]
 72%|███████▏  | 90/125 [00:13<00:04,  7.08it/s]
 73%|███████▎  | 91/125 [00:13<00:05,  6.12it/s]
 74%|███████▎  | 92/125 [00:14<00:05,  6.50it/s]
 74%|███████▍  | 93/125 [00:14<00:04,  6.85it/s]
 75%|███████▌  | 94/125 [00:14<00:04,  7.13it/s]
 76%|███████▌  | 95/125 [00:14<00:04,  6.25it/s]
 77%|███████▋  | 96/125 [00:14<00:04,  6.57it/s]
 78%|███████▊  | 97/125 [00:14<00:04,  6.77it/s]
 78%|███████▊  | 98/125 [00:14<00:03,  7.04it/s]
 79%|███████▉  | 99/125 [00:15<00:04,  6.22it/s]
 80%|████████  | 100/125 [00:15<00:03,  6.52it/s]
 81%|████████  | 101/125 [00:15<00:03,  6.82it/s]
 82%|████████▏ | 102/125 [00:15<00:03,  7.07it/s]
 82%|████████▏ | 103/125 [00:15<00:03,  7.31it/s]
 83%|████████▎ | 104/125 [00:15<00:03,  6.22it/s]
 84%|████████▍ | 105/125 [00:15<00:03,  6.64it/s]
 85%|████████▍ | 106/125 [00:16<00:02,  7.00it/s]
 86%|████████▌ | 107/125 [00:16<00:02,  6.31it/s]
 86%|████████▋ | 108/125 [00:16<00:02,  6.61it/s]
 87%|████████▋ | 109/125 [00:16<00:02,  6.95it/s]
 88%|████████▊ | 110/125 [00:16<00:02,  7.18it/s]
 89%|████████▉ | 111/125 [00:16<00:02,  6.18it/s]
 90%|████████▉ | 112/125 [00:17<00:01,  6.63it/s]
 90%|█████████ | 113/125 [00:17<00:01,  6.97it/s]
 91%|█████████ | 114/125 [00:17<00:01,  6.06it/s]
 92%|█████████▏| 115/125 [00:17<00:01,  6.49it/s]
 93%|█████████▎| 116/125 [00:17<00:01,  6.92it/s]
 94%|█████████▎| 117/125 [00:17<00:01,  7.12it/s]
 94%|█████████▍| 118/125 [00:17<00:01,  6.97it/s]
 95%|█████████▌| 119/125 [00:18<00:00,  6.40it/s]
 96%|█████████▌| 120/125 [00:18<00:00,  6.66it/s]
 97%|█████████▋| 121/125 [00:18<00:00,  6.99it/s]
 98%|█████████▊| 122/125 [00:18<00:00,  6.11it/s]
 98%|█████████▊| 123/125 [00:18<00:00,  6.60it/s]
 99%|█████████▉| 124/125 [00:18<00:00,  6.99it/s]
100%|██████████| 125/125 [00:18<00:00,  7.23it/s]
100%|██████████| 125/125 [00:18<00:00,  6.61it/s]
{
  "reference": "/data/users/zhoushunyu/eqvae/imagenet_sit_flow/adm_reference_stats/imagenet100_validation_n5000_adm_stats.npz",
  "samples": "/data/users/zhoushunyu/eqvae/imagenet_sit_flow/v800_v270_v400_gamma_search_fid1k_v2/v270/static_sm3p5/samples_unguided_n1000.npz",
  "batch_size": 8,
  "gpu_memory_fraction": 0.25,
  "fid": 61.040592660547986,
  "sfid": 219.42024984315958,
  "inception_score": 38.52859115600586
}
[launch] /home/zhoushunyu/miniconda3/envs/myenv/bin/torchrun --standalone --nproc_per_node=1 /home/zhoushunyu/eqvae/experiments/sample_imagenet100_sit_static_pair_fid.py --anchor-checkpoint /data/users/zhoushunyu/eqvae/imagenet_sit_flow/runs/sit-s-2_seed0/checkpoints/step_00800000.pt --anchor-field auto --other-checkpoint /data/users/zhoushunyu/eqvae/imagenet_sit_flow/runs/sit-s-2_seed0/checkpoints/step_00270000.pt --other-field auto --static-scale -4.0 --control-mode full_pair --window-transition-width 0.01 --output-dir /data/users/zhoushunyu/eqvae/imagenet_sit_flow/v800_v270_v400_gamma_search_fid1k_v2/v270/static_sm4 --weights ema --num-samples 1000 --per-rank-batch-size 8 --vae-decode-batch-size 2 --cuda-allocator-limit-gib 4.0 --inter-batch-sleep 0.0 --global-seed 0 --precision fp32 --allow-tf32 --allow-step-mismatch
/home/zhoushunyu/miniconda3/envs/myenv/lib/python3.10/site-packages/huggingface_hub/utils/_validators.py:205: UserWarning: The `local_dir_use_symlinks` argument is deprecated and ignored in `hf_hub_download`. Downloading to a local directory does not use symlinks anymore.
  warnings.warn(
{"rank": 0, "scale": -4.0, "generated_on_rank": 8, "samples_per_rank": 1000, "elapsed_seconds": 2.041377763962373, "images_per_second": 3.9189218875744825, "last_batch_nfe": 134}
{"rank": 0, "scale": -4.0, "generated_on_rank": 512, "samples_per_rank": 1000, "elapsed_seconds": 94.01598158100387, "images_per_second": 5.445882618997733, "last_batch_nfe": 116}
{"rank": 0, "scale": -4.0, "generated_on_rank": 1000, "samples_per_rank": 1000, "elapsed_seconds": 192.12933252000948, "images_per_second": 5.204827325863187, "last_batch_nfe": 98}
{"event": "complete", "scale": -4.0, "samples": "/data/users/zhoushunyu/eqvae/imagenet_sit_flow/v800_v270_v400_gamma_search_fid1k_v2/v270/static_sm4/samples_unguided_n1000.npz", "label_count_min": 3, "label_count_max": 18}
[launch] /data/shared/envs/adm-fid/bin/python /home/zhoushunyu/eqvae/experiments/compute_adm_fid.py --reference /data/users/zhoushunyu/eqvae/imagenet_sit_flow/adm_reference_stats/imagenet100_validation_n5000_adm_stats.npz --samples /data/users/zhoushunyu/eqvae/imagenet_sit_flow/v800_v270_v400_gamma_search_fid1k_v2/v270/static_sm4/samples_unguided_n1000.npz --batch-size 8 --gpu-memory-fraction 0.25 --output /data/users/zhoushunyu/eqvae/imagenet_sit_flow/v800_v270_v400_gamma_search_fid1k_v2/v270/static_sm4/fid5k_adm_results.json
2026-08-17 23:41:19.128815: I tensorflow/core/util/port.cc:153] oneDNN custom operations are on. You may see slightly different numerical results due to floating-point round-off errors from different computation orders. To turn them off, set the environment variable `TF_ENABLE_ONEDNN_OPTS=0`.
2026-08-17 23:41:19.143790: E external/local_xla/xla/stream_executor/cuda/cuda_fft.cc:467] Unable to register cuFFT factory: Attempting to register factory for plugin cuFFT when one has already been registered
WARNING: All log messages before absl::InitializeLog() is called are written to STDERR
E0000 00:00:1786981279.161127 3428344 cuda_dnn.cc:8579] Unable to register cuDNN factory: Attempting to register factory for plugin cuDNN when one has already been registered
E0000 00:00:1786981279.166535 3428344 cuda_blas.cc:1407] Unable to register cuBLAS factory: Attempting to register factory for plugin cuBLAS when one has already been registered
W0000 00:00:1786981279.180271 3428344 computation_placer.cc:177] computation placer already registered. Please check linkage and avoid linking the same target more than once.
W0000 00:00:1786981279.180288 3428344 computation_placer.cc:177] computation placer already registered. Please check linkage and avoid linking the same target more than once.
W0000 00:00:1786981279.180290 3428344 computation_placer.cc:177] computation placer already registered. Please check linkage and avoid linking the same target more than once.
W0000 00:00:1786981279.180292 3428344 computation_placer.cc:177] computation placer already registered. Please check linkage and avoid linking the same target more than once.
2026-08-17 23:41:19.184668: I tensorflow/core/platform/cpu_feature_guard.cc:210] This TensorFlow binary is optimized to use available CPU instructions in performance-critical operations.
To enable the following instructions: AVX2 AVX512F AVX512_VNNI FMA, in other operations, rebuild TensorFlow with the appropriate compiler flags.
I0000 00:00:1786981280.927687 3428344 gpu_device.cc:2019] Created device /job:localhost/replica:0/task:0/device:GPU:0 with 6020 MB memory:  -> device: 0, name: NVIDIA GeForce RTX 4090, pci bus id: 0000:4b:00.0, compute capability: 8.9
I0000 00:00:1786981280.961512 3428344 gpu_device.cc:2019] Created device /job:localhost/replica:0/task:0/device:GPU:0 with 6020 MB memory:  -> device: 0, name: NVIDIA GeForce RTX 4090, pci bus id: 0000:4b:00.0, compute capability: 8.9
2026-08-17 23:41:21.523685: W tensorflow/core/framework/op_def_util.cc:370] Op BatchNormWithGlobalNormalization is deprecated. It will cease to work in GraphDef version 9. Use tf.nn.batch_normalization().
Warmup...

  0%|          | 0/1 [00:00<?, ?it/s]WARNING: All log messages before absl::InitializeLog() is called are written to STDERR
I0000 00:00:1786981282.604324 3428344 mlir_graph_optimization_pass.cc:425] MLIR V1 optimization pass is not enabled
I0000 00:00:1786981283.930858 3428527 cuda_dnn.cc:529] Loaded cuDNN version 90300

100%|██████████| 1/1 [00:02<00:00,  2.81s/it]
100%|██████████| 1/1 [00:02<00:00,  2.81s/it]
Reference statistics...
Sample activations/statistics...

  0%|          | 0/125 [00:00<?, ?it/s]
  2%|▏         | 3/125 [00:00<00:05, 21.81it/s]
  5%|▍         | 6/125 [00:00<00:04, 24.21it/s]
  7%|▋         | 9/125 [00:00<00:04, 25.57it/s]
 10%|▉         | 12/125 [00:00<00:04, 26.93it/s]
 12%|█▏        | 15/125 [00:00<00:04, 27.21it/s]
 14%|█▍        | 18/125 [00:00<00:04, 26.55it/s]
 17%|█▋        | 21/125 [00:00<00:04, 22.66it/s]
 19%|█▉        | 24/125 [00:00<00:04, 23.55it/s]
 22%|██▏       | 27/125 [00:01<00:04, 20.82it/s]
 24%|██▍       | 30/125 [00:01<00:04, 19.32it/s]
 26%|██▋       | 33/125 [00:01<00:04, 19.50it/s]
 29%|██▉       | 36/125 [00:01<00:04, 20.54it/s]
 31%|███       | 39/125 [00:01<00:04, 18.58it/s]
 33%|███▎      | 41/125 [00:01<00:04, 17.96it/s]
 34%|███▍      | 43/125 [00:02<00:04, 17.47it/s]
 36%|███▌      | 45/125 [00:02<00:04, 17.20it/s]
 38%|███▊      | 47/125 [00:02<00:04, 17.53it/s]
 40%|████      | 50/125 [00:02<00:04, 18.33it/s]
 42%|████▏     | 52/125 [00:02<00:03, 18.29it/s]
 43%|████▎     | 54/125 [00:02<00:03, 17.93it/s]
 45%|████▍     | 56/125 [00:02<00:03, 17.49it/s]
 46%|████▋     | 58/125 [00:02<00:03, 17.30it/s]
 48%|████▊     | 60/125 [00:03<00:03, 17.60it/s]
 50%|████▉     | 62/125 [00:03<00:03, 17.21it/s]
 51%|█████     | 64/125 [00:03<00:03, 16.99it/s]
 54%|█████▎    | 67/125 [00:03<00:03, 17.74it/s]
 55%|█████▌    | 69/125 [00:03<00:03, 16.98it/s]
 57%|█████▋    | 71/125 [00:03<00:03, 16.43it/s]
 58%|█████▊    | 73/125 [00:03<00:03, 16.29it/s]
 61%|██████    | 76/125 [00:03<00:02, 17.87it/s]
 62%|██████▏   | 78/125 [00:04<00:02, 17.46it/s]
 64%|██████▍   | 80/125 [00:04<00:02, 17.14it/s]
 66%|██████▌   | 82/125 [00:04<00:02, 16.48it/s]
 67%|██████▋   | 84/125 [00:04<00:02, 15.73it/s]
 69%|██████▉   | 86/125 [00:04<00:02, 16.07it/s]
 70%|███████   | 88/125 [00:04<00:02, 16.23it/s]
 72%|███████▏  | 90/125 [00:04<00:02, 16.30it/s]
 74%|███████▎  | 92/125 [00:04<00:02, 16.35it/s]
 75%|███████▌  | 94/125 [00:05<00:01, 16.31it/s]
 77%|███████▋  | 96/125 [00:05<00:01, 16.26it/s]
 78%|███████▊  | 98/125 [00:05<00:01, 15.78it/s]
 80%|████████  | 100/125 [00:05<00:01, 15.51it/s]
 82%|████████▏ | 102/125 [00:05<00:01, 15.22it/s]
 83%|████████▎ | 104/125 [00:05<00:01, 15.48it/s]
 85%|████████▍ | 106/125 [00:05<00:01, 15.81it/s]
 86%|████████▋ | 108/125 [00:05<00:01, 15.88it/s]
 88%|████████▊ | 110/125 [00:06<00:00, 15.98it/s]
 90%|████████▉ | 112/125 [00:06<00:00, 15.50it/s]
 91%|█████████ | 114/125 [00:06<00:00, 15.63it/s]
 93%|█████████▎| 116/125 [00:06<00:00, 15.68it/s]
 94%|█████████▍| 118/125 [00:06<00:00, 15.83it/s]
 96%|█████████▌| 120/125 [00:06<00:00, 16.14it/s]
 98%|█████████▊| 122/125 [00:06<00:00, 16.19it/s]
 99%|█████████▉| 124/125 [00:06<00:00, 16.09it/s]
100%|██████████| 125/125 [00:07<00:00, 17.75it/s]
{
  "reference": "/data/users/zhoushunyu/eqvae/imagenet_sit_flow/adm_reference_stats/imagenet100_validation_n5000_adm_stats.npz",
  "samples": "/data/users/zhoushunyu/eqvae/imagenet_sit_flow/v800_v270_v400_gamma_search_fid1k_v2/v270/static_sm4/samples_unguided_n1000.npz",
  "batch_size": 8,
  "gpu_memory_fraction": 0.25,
  "fid": 61.969375987794706,
  "sfid": 220.47822336349952,
  "inception_score": 38.98876190185547
}
{
  "protocol": "imagenet100_sit_field_control_fid5k_v2",
  "control_mode": "full_pair",
  "common_unique_component": null,
  "definition": "see sampling_manifest formula for each condition",
  "comparison_is_paired": true,
  "pairing_verified_by_noise_and_label_sha256": true,
  "anchor": {
    "checkpoint": "/data/users/zhoushunyu/eqvae/imagenet_sit_flow/runs/sit-s-2_seed0/checkpoints/step_00800000.pt",
    "checkpoint_sha256": "b7f7d7318ee4b480fe591bc451c2aceb09efaf4111e57fd9dbefcd1bcfd88caa",
    "checkpoint_step": 800000,
    "protocol": "imagenet100_sit_linear_flow_v1",
    "model_name": "SiT-S/2",
    "field_path": "auto",
    "prediction_target": "velocity",
    "loss_space": "velocity",
    "denominator_floor": 0.001,
    "global_batch_size": 256,
    "seed": 0,
    "training_world_size": 4,
    "data_manifest_sha256": "b911e47640333974d145896f4f5851f7876f1035745dbf397e1ddd8c74bae373",
    "official_sit": {
      "models_sha256": "677cfa2cf5a7db122abd014d6d92d7ac5f39745f571773a6adcc26c7d2f33d89",
      "git_commit": "cbde832a40b153ccc79603412409da9c9b0c568c"
    }
  },
  "other": {
    "checkpoint": "/data/users/zhoushunyu/eqvae/imagenet_sit_flow/runs/sit-s-2_seed0/checkpoints/step_00270000.pt",
    "checkpoint_sha256": "450bf3e406aa58f92d34ed2cb419d27c18a8d3f81ad905e1075ad91a93c9cfe4",
    "checkpoint_step": 270000,
    "protocol": "imagenet100_sit_linear_flow_v1",
    "model_name": "SiT-S/2",
    "field_path": "auto",
    "prediction_target": "velocity",
    "loss_space": "velocity",
    "denominator_floor": 0.001,
    "global_batch_size": 256,
    "seed": 0,
    "training_world_size": 4,
    "data_manifest_sha256": "b911e47640333974d145896f4f5851f7876f1035745dbf397e1ddd8c74bae373",
    "official_sit": {
      "models_sha256": "677cfa2cf5a7db122abd014d6d92d7ac5f39745f571773a6adcc26c7d2f33d89",
      "git_commit": "cbde832a40b153ccc79603412409da9c9b0c568c"
    }
  },
  "reference": null,
  "best": {
    "condition": "static_sm3p5",
    "control_mode": "full_pair",
    "common_unique_component": null,
    "scale": -3.5,
    "region": "beyond_velocity",
    "anchor_prediction_target": "velocity",
    "other_prediction_target": "velocity",
    "other_training_denominator_floor": 0.001,
    "other_inference_denominator_floor": 0.001,
    "checkpoint_step": 800000,
    "other_checkpoint_step": 270000,
    "reference_checkpoint_step": null,
    "num_samples": 1000,
    "noise_fingerprint": "b693d3cc2f28249d84942f74586d1afda2df10879225cd69bbf5d6a2d602c7b8",
    "label_fingerprint": "76fcd0fce6808c069a79ee8fd795edf2a1785d73758dc62306e51700c44c0758",
    "sampling_peak_memory_mib": 8653,
    "fid_peak_memory_mib": 7989,
    "total_nfe": 11980,
    "total_model_forwards": 23960,
    "sampling_elapsed_seconds_max_rank": 188.13886569801252,
    "fid": 61.040592660547986,
    "sfid": 219.42024984315958,
    "inception_score": 38.52859115600586,
    "samples": "/data/users/zhoushunyu/eqvae/imagenet_sit_flow/v800_v270_v400_gamma_search_fid1k_v2/v270/static_sm3p5/samples_unguided_n1000.npz"
  },
  "rows": [
    {
      "condition": "static_sm1p5",
      "control_mode": "full_pair",
      "common_unique_component": null,
      "scale": -1.5,
      "region": "beyond_velocity",
      "anchor_prediction_target": "velocity",
      "other_prediction_target": "velocity",
      "other_training_denominator_floor": 0.001,
      "other_inference_denominator_floor": 0.001,
      "checkpoint_step": 800000,
      "other_checkpoint_step": 270000,
      "reference_checkpoint_step": null,
      "num_samples": 1000,
      "noise_fingerprint": "b693d3cc2f28249d84942f74586d1afda2df10879225cd69bbf5d6a2d602c7b8",
      "label_fingerprint": "76fcd0fce6808c069a79ee8fd795edf2a1785d73758dc62306e51700c44c0758",
      "sampling_peak_memory_mib": 8653,
      "fid_peak_memory_mib": 12879,
      "total_nfe": 8584,
      "total_model_forwards": 17168,
      "sampling_elapsed_seconds_max_rank": 152.00264893798158,
      "fid": 66.01618743066695,
      "sfid": 218.27112073093622,
      "inception_score": 37.119728088378906,
      "samples": "/data/users/zhoushunyu/eqvae/imagenet_sit_flow/v800_v270_v400_gamma_search_fid1k_v2/v270/static_sm1p5/samples_unguided_n1000.npz"
    },
    {
      "condition": "static_sm2",
      "control_mode": "full_pair",
      "common_unique_component": null,
      "scale": -2.0,
      "region": "beyond_velocity",
      "anchor_prediction_target": "velocity",
      "other_prediction_target": "velocity",
      "other_training_denominator_floor": 0.001,
      "other_inference_denominator_floor": 0.001,
      "checkpoint_step": 800000,
      "other_checkpoint_step": 270000,
      "reference_checkpoint_step": null,
      "num_samples": 1000,
      "noise_fingerprint": "b693d3cc2f28249d84942f74586d1afda2df10879225cd69bbf5d6a2d602c7b8",
      "label_fingerprint": "76fcd0fce6808c069a79ee8fd795edf2a1785d73758dc62306e51700c44c0758",
      "sampling_peak_memory_mib": 8653,
      "fid_peak_memory_mib": 8009,
      "total_nfe": 9130,
      "total_model_forwards": 18260,
      "sampling_elapsed_seconds_max_rank": 153.83868432301097,
      "fid": 63.2904839415433,
      "sfid": 218.3172933158546,
      "inception_score": 38.004547119140625,
      "samples": "/data/users/zhoushunyu/eqvae/imagenet_sit_flow/v800_v270_v400_gamma_search_fid1k_v2/v270/static_sm2/samples_unguided_n1000.npz"
    },
    {
      "condition": "static_sm2p5",
      "control_mode": "full_pair",
      "common_unique_component": null,
      "scale": -2.5,
      "region": "beyond_velocity",
      "anchor_prediction_target": "velocity",
      "other_prediction_target": "velocity",
      "other_training_denominator_floor": 0.001,
      "other_inference_denominator_floor": 0.001,
      "checkpoint_step": 800000,
      "other_checkpoint_step": 270000,
      "reference_checkpoint_step": null,
      "num_samples": 1000,
      "noise_fingerprint": "b693d3cc2f28249d84942f74586d1afda2df10879225cd69bbf5d6a2d602c7b8",
      "label_fingerprint": "76fcd0fce6808c069a79ee8fd795edf2a1785d73758dc62306e51700c44c0758",
      "sampling_peak_memory_mib": 8653,
      "fid_peak_memory_mib": 12879,
      "total_nfe": 10042,
      "total_model_forwards": 20084,
      "sampling_elapsed_seconds_max_rank": 171.8488781810156,
      "fid": 62.41757925371314,
      "sfid": 218.42474994048223,
      "inception_score": 37.777408599853516,
      "samples": "/data/users/zhoushunyu/eqvae/imagenet_sit_flow/v800_v270_v400_gamma_search_fid1k_v2/v270/static_sm2p5/samples_unguided_n1000.npz"
    },
    {
      "condition": "static_sm3",
      "control_mode": "full_pair",
      "common_unique_component": null,
      "scale": -3.0,
      "region": "beyond_velocity",
      "anchor_prediction_target": "velocity",
      "other_prediction_target": "velocity",
      "other_training_denominator_floor": 0.001,
      "other_inference_denominator_floor": 0.001,
      "checkpoint_step": 800000,
      "other_checkpoint_step": 270000,
      "reference_checkpoint_step": null,
      "num_samples": 1000,
      "noise_fingerprint": "b693d3cc2f28249d84942f74586d1afda2df10879225cd69bbf5d6a2d602c7b8",
      "label_fingerprint": "76fcd0fce6808c069a79ee8fd795edf2a1785d73758dc62306e51700c44c0758",
      "sampling_peak_memory_mib": 8653,
      "fid_peak_memory_mib": 12879,
      "total_nfe": 10966,
      "total_model_forwards": 21932,
      "sampling_elapsed_seconds_max_rank": 198.1061199249816,
      "fid": 61.26135988051999,
      "sfid": 218.74425081565528,
      "inception_score": 37.12431335449219,
      "samples": "/data/users/zhoushunyu/eqvae/imagenet_sit_flow/v800_v270_v400_gamma_search_fid1k_v2/v270/static_sm3/samples_unguided_n1000.npz"
    },
    {
      "condition": "static_sm3p5",
      "control_mode": "full_pair",
      "common_unique_component": null,
      "scale": -3.5,
      "region": "beyond_velocity",
      "anchor_prediction_target": "velocity",
      "other_prediction_target": "velocity",
      "other_training_denominator_floor": 0.001,
      "other_inference_denominator_floor": 0.001,
      "checkpoint_step": 800000,
      "other_checkpoint_step": 270000,
      "reference_checkpoint_step": null,
      "num_samples": 1000,
      "noise_fingerprint": "b693d3cc2f28249d84942f74586d1afda2df10879225cd69bbf5d6a2d602c7b8",
      "label_fingerprint": "76fcd0fce6808c069a79ee8fd795edf2a1785d73758dc62306e51700c44c0758",
      "sampling_peak_memory_mib": 8653,
      "fid_peak_memory_mib": 7989,
      "total_nfe": 11980,
      "total_model_forwards": 23960,
      "sampling_elapsed_seconds_max_rank": 188.13886569801252,
      "fid": 61.040592660547986,
      "sfid": 219.42024984315958,
      "inception_score": 38.52859115600586,
      "samples": "/data/users/zhoushunyu/eqvae/imagenet_sit_flow/v800_v270_v400_gamma_search_fid1k_v2/v270/static_sm3p5/samples_unguided_n1000.npz"
    },
    {
      "condition": "static_sm4",
      "control_mode": "full_pair",
      "common_unique_component": null,
      "scale": -4.0,
      "region": "beyond_velocity",
      "anchor_prediction_target": "velocity",
      "other_prediction_target": "velocity",
      "other_training_denominator_floor": 0.001,
      "other_inference_denominator_floor": 0.001,
      "checkpoint_step": 800000,
      "other_checkpoint_step": 270000,
      "reference_checkpoint_step": null,
      "num_samples": 1000,
      "noise_fingerprint": "b693d3cc2f28249d84942f74586d1afda2df10879225cd69bbf5d6a2d602c7b8",
      "label_fingerprint": "76fcd0fce6808c069a79ee8fd795edf2a1785d73758dc62306e51700c44c0758",
      "sampling_peak_memory_mib": 8653,
      "fid_peak_memory_mib": 12879,
      "total_nfe": 13054,
      "total_model_forwards": 26108,
      "sampling_elapsed_seconds_max_rank": 192.47274808696238,
      "fid": 61.969375987794706,
      "sfid": 220.47822336349952,
      "inception_score": 38.98876190185547,
      "samples": "/data/users/zhoushunyu/eqvae/imagenet_sit_flow/v800_v270_v400_gamma_search_fid1k_v2/v270/static_sm4/samples_unguided_n1000.npz"
    }
  ],
  "csv": "/data/users/zhoushunyu/eqvae/imagenet_sit_flow/v800_v270_v400_gamma_search_fid1k_v2/v270/static_pair_v_to_jit_x_fid5k.csv"
}
