
=== launch ===
/home/zhoushunyu/miniconda3/envs/myenv/bin/python /home/zhoushunyu/eqvae/experiments/run_imagenet100_sit_discriminator_ag_transport_v4.py --worker train-disc --disc-seed 1 --output-root /data/users/zhoushunyu/eqvae/imagenet_sit_flow/discriminator_ag_transport_v4 --disc-seeds 0,1 --weak-steps 180000,240000,270000,300000,400000,500000,600000 --disc-steps 4000 --disc-batch-size 64 --disc-lr 0.0002 --disc-weight-decay 0.0001 --disc-ema-decay 0.999 --disc-r1-gamma 1.0 --disc-r1-interval 16 --disc-grad-clip 10.0 --disc-log-every 100 --disc-eval-every 1000 --disc-save-every 1000 --disc-val-batches 16 --disc-base-channels 64 --disc-cond-dim 256 --disc-class-dim 128 --disc-time-bands 16 --disc-dt-min 0.025 --disc-dt-max 0.125 --disc-s-max 0.95 --audit-time-centers 0.0625,0.1875,0.3125,0.4375,0.5625,0.6875,0.8125,0.9375 --audit-delta 0.05 --audit-probe-gamma 1.0 --audit-samples-per-bin 128 --audit-batch-size 64 --policy-lookahead 0.05 --policy-gamma-max 8.0 --policy-gap-eps 1e-08 --num-samples 1000 --sample-batch-size 8 --vae-decode-batch-size 2 --num-output-points 250 --atol 1e-06 --rtol 0.001 --fid-batch-size 8 --fid-gpu-memory-fraction 0.25 --cuda-allocator-limit-gib 15.0 --no-strong-bf16
[D1] CUDA allocator: {'allocator_limit_gib': 15.0, 'allocator_fraction': 0.6378505764429241, 'device_total_memory_bytes': 25250627584}
[D1] loading v800 strong...
[D1] loading latent caches...
[D1] creating discriminator batch=64 R1 every 16 steps...
[D1] preflight one real/fake batch...
[D1] preflight OK; allocated=0.16 GiB reserved=0.18 GiB
[D1] 1/4000 loss=1.4420 acc=0.500
[D1] 100/4000 loss=1.3862 acc=0.508
[D1] 200/4000 loss=1.3878 acc=0.477
[D1] 300/4000 loss=1.3893 acc=0.500
[D1] 400/4000 loss=1.3899 acc=0.492
[D1] 500/4000 loss=1.3881 acc=0.469
[D1] 600/4000 loss=1.3859 acc=0.500
[D1] 700/4000 loss=1.3896 acc=0.445
[D1] 800/4000 loss=1.3864 acc=0.430
[D1] 900/4000 loss=1.3867 acc=0.477
[D1] 1000/4000 loss=1.3860 acc=0.500
[D1] val AUC=0.5130
[D1] 1100/4000 loss=1.3845 acc=0.523
[D1] 1200/4000 loss=1.3861 acc=0.516
[D1] 1300/4000 loss=1.3873 acc=0.484
[D1] 1400/4000 loss=1.3864 acc=0.508
[D1] 1500/4000 loss=1.3834 acc=0.492
[D1] 1600/4000 loss=1.3885 acc=0.492
[D1] 1700/4000 loss=1.3846 acc=0.508
[D1] 1800/4000 loss=1.3869 acc=0.492
[D1] 1900/4000 loss=1.3864 acc=0.500
[D1] 2000/4000 loss=1.3861 acc=0.508
[D1] val AUC=0.5034
[D1] 2100/4000 loss=1.3863 acc=0.500
[D1] 2200/4000 loss=1.3867 acc=0.492
[D1] 2300/4000 loss=1.3863 acc=0.508
[D1] 2400/4000 loss=1.3876 acc=0.484
[D1] 2500/4000 loss=1.3887 acc=0.539
[D1] 2600/4000 loss=1.3861 acc=0.500
[D1] 2700/4000 loss=1.3865 acc=0.500
[D1] 2800/4000 loss=1.3826 acc=0.516
[D1] 2900/4000 loss=1.3859 acc=0.500
[D1] 3000/4000 loss=1.3860 acc=0.492
[D1] val AUC=0.5135
[D1] 3100/4000 loss=1.3855 acc=0.531
[D1] 3200/4000 loss=1.3866 acc=0.484
[D1] 3300/4000 loss=1.3857 acc=0.500
[D1] 3400/4000 loss=1.3897 acc=0.469
[D1] 3500/4000 loss=1.3885 acc=0.414
[D1] 3600/4000 loss=1.3864 acc=0.500
[D1] 3700/4000 loss=1.3854 acc=0.578
[D1] 3800/4000 loss=1.3832 acc=0.547
[D1] 3900/4000 loss=1.3851 acc=0.508
[D1] 4000/4000 loss=1.3865 acc=0.484
[D1] val AUC=0.4926
[D1] complete best AUC=0.5135
