{
  "batches": 5,
  "samples": 20,
  "sum_batch_gpu_seconds": 515.4526325175539,
  "median_batch_seconds": 100.57240883493796,
  "max_peak_memory_bytes": 9215801856,
  "diagnostics": {
    "logweight_mean": {
      "mean": 1078.5420633906317,
      "median": 37.373891830444336,
      "max": 49987.828125
    },
    "particle_ess": {
      "mean": 1.7444681311140255,
      "median": 1.8484848737716675,
      "max": 2.0
    },
    "logweight_difference": {
      "mean": 2.0049687683516675,
      "median": 0.5176143646240234,
      "max": 85.837890625
    },
    "gradient_rms": {
      "mean": 0.02614139309116426,
      "median": 0.005154321203008294,
      "max": 1.0758610963821411
    },
    "correction_rms": {
      "mean": 0.03678464418063617,
      "median": 0.03294713795185089,
      "max": 0.17565079033374786
    },
    "native_rms": {
      "mean": 1.293575310463808,
      "median": 1.3170824646949768,
      "max": 1.4906110763549805
    }
  }
}
