[launch] /home/zhoushunyu/miniconda3/envs/myenv/bin/torchrun --standalone --nproc_per_node=1 /home/zhoushunyu/eqvae/experiments/sample_imagenet100_sit_static_pair_fid.py --anchor-checkpoint /data/users/zhoushunyu/eqvae/imagenet_sit_flow/runs/sit-s-2_seed0/checkpoints/step_00800000.pt --anchor-field auto --other-checkpoint /data/users/zhoushunyu/eqvae/imagenet_sit_flow/runs/sit-s-2_seed0/checkpoints/step_00400000.pt --other-field auto --static-scale -1.5 --control-mode full_pair --window-transition-width 0.01 --output-dir /data/users/zhoushunyu/eqvae/imagenet_sit_flow/v800_v270_v400_gamma_search_fid1k_v2/v400/static_sm1p5 --weights ema --num-samples 1000 --per-rank-batch-size 8 --vae-decode-batch-size 2 --cuda-allocator-limit-gib 4.0 --inter-batch-sleep 0.0 --global-seed 0 --precision fp32 --allow-tf32 --allow-step-mismatch
/home/zhoushunyu/miniconda3/envs/myenv/lib/python3.10/site-packages/huggingface_hub/utils/_validators.py:205: UserWarning: The `local_dir_use_symlinks` argument is deprecated and ignored in `hf_hub_download`. Downloading to a local directory does not use symlinks anymore.
  warnings.warn(
{"rank": 0, "scale": -1.5, "generated_on_rank": 8, "samples_per_rank": 1000, "elapsed_seconds": 1.470000297005754, "images_per_second": 5.4421757711853616, "last_batch_nfe": 98}
{"rank": 0, "scale": -1.5, "generated_on_rank": 512, "samples_per_rank": 1000, "elapsed_seconds": 69.73234110500198, "images_per_second": 7.342360687834037, "last_batch_nfe": 62}
{"rank": 0, "scale": -1.5, "generated_on_rank": 1000, "samples_per_rank": 1000, "elapsed_seconds": 148.9287016870221, "images_per_second": 6.714622424504367, "last_batch_nfe": 68}
{"event": "complete", "scale": -1.5, "samples": "/data/users/zhoushunyu/eqvae/imagenet_sit_flow/v800_v270_v400_gamma_search_fid1k_v2/v400/static_sm1p5/samples_unguided_n1000.npz", "label_count_min": 3, "label_count_max": 18}
[launch] /data/shared/envs/adm-fid/bin/python /home/zhoushunyu/eqvae/experiments/compute_adm_fid.py --reference /data/users/zhoushunyu/eqvae/imagenet_sit_flow/adm_reference_stats/imagenet100_validation_n5000_adm_stats.npz --samples /data/users/zhoushunyu/eqvae/imagenet_sit_flow/v800_v270_v400_gamma_search_fid1k_v2/v400/static_sm1p5/samples_unguided_n1000.npz --batch-size 8 --gpu-memory-fraction 0.25 --output /data/users/zhoushunyu/eqvae/imagenet_sit_flow/v800_v270_v400_gamma_search_fid1k_v2/v400/static_sm1p5/fid5k_adm_results.json
2026-08-17 23:22:24.377561: I tensorflow/core/util/port.cc:153] oneDNN custom operations are on. You may see slightly different numerical results due to floating-point round-off errors from different computation orders. To turn them off, set the environment variable `TF_ENABLE_ONEDNN_OPTS=0`.
2026-08-17 23:22:24.391636: E external/local_xla/xla/stream_executor/cuda/cuda_fft.cc:467] Unable to register cuFFT factory: Attempting to register factory for plugin cuFFT when one has already been registered
WARNING: All log messages before absl::InitializeLog() is called are written to STDERR
E0000 00:00:1786980144.408225 3384374 cuda_dnn.cc:8579] Unable to register cuDNN factory: Attempting to register factory for plugin cuDNN when one has already been registered
E0000 00:00:1786980144.413456 3384374 cuda_blas.cc:1407] Unable to register cuBLAS factory: Attempting to register factory for plugin cuBLAS when one has already been registered
W0000 00:00:1786980144.426677 3384374 computation_placer.cc:177] computation placer already registered. Please check linkage and avoid linking the same target more than once.
W0000 00:00:1786980144.426696 3384374 computation_placer.cc:177] computation placer already registered. Please check linkage and avoid linking the same target more than once.
W0000 00:00:1786980144.426697 3384374 computation_placer.cc:177] computation placer already registered. Please check linkage and avoid linking the same target more than once.
W0000 00:00:1786980144.426699 3384374 computation_placer.cc:177] computation placer already registered. Please check linkage and avoid linking the same target more than once.
2026-08-17 23:22:24.430679: I tensorflow/core/platform/cpu_feature_guard.cc:210] This TensorFlow binary is optimized to use available CPU instructions in performance-critical operations.
To enable the following instructions: AVX2 AVX512F AVX512_VNNI FMA, in other operations, rebuild TensorFlow with the appropriate compiler flags.
I0000 00:00:1786980146.236064 3384374 gpu_device.cc:2019] Created device /job:localhost/replica:0/task:0/device:GPU:0 with 6020 MB memory:  -> device: 0, name: NVIDIA GeForce RTX 4090, pci bus id: 0000:ca:00.0, compute capability: 8.9
I0000 00:00:1786980146.271525 3384374 gpu_device.cc:2019] Created device /job:localhost/replica:0/task:0/device:GPU:0 with 6020 MB memory:  -> device: 0, name: NVIDIA GeForce RTX 4090, pci bus id: 0000:ca:00.0, compute capability: 8.9
2026-08-17 23:22:26.882098: W tensorflow/core/framework/op_def_util.cc:370] Op BatchNormWithGlobalNormalization is deprecated. It will cease to work in GraphDef version 9. Use tf.nn.batch_normalization().
Warmup...

  0%|          | 0/1 [00:00<?, ?it/s]WARNING: All log messages before absl::InitializeLog() is called are written to STDERR
I0000 00:00:1786980148.047492 3384374 mlir_graph_optimization_pass.cc:425] MLIR V1 optimization pass is not enabled
I0000 00:00:1786980149.955575 3384646 cuda_dnn.cc:529] Loaded cuDNN version 90300

100%|██████████| 1/1 [00:03<00:00,  3.72s/it]
100%|██████████| 1/1 [00:03<00:00,  3.72s/it]
Reference statistics...
Sample activations/statistics...

  0%|          | 0/125 [00:00<?, ?it/s]
  2%|▏         | 2/125 [00:00<00:07, 17.43it/s]
  3%|▎         | 4/125 [00:00<00:07, 16.82it/s]
  5%|▍         | 6/125 [00:00<00:07, 16.13it/s]
  6%|▋         | 8/125 [00:00<00:07, 16.37it/s]
  9%|▉         | 11/125 [00:00<00:05, 20.23it/s]
 12%|█▏        | 15/125 [00:00<00:04, 23.89it/s]
 14%|█▍        | 18/125 [00:00<00:04, 25.54it/s]
 17%|█▋        | 21/125 [00:00<00:04, 23.09it/s]
 19%|█▉        | 24/125 [00:01<00:04, 20.88it/s]
 22%|██▏       | 27/125 [00:01<00:04, 22.40it/s]
 25%|██▍       | 31/125 [00:01<00:03, 25.90it/s]
 28%|██▊       | 35/125 [00:01<00:03, 27.84it/s]
 30%|███       | 38/125 [00:01<00:03, 26.44it/s]
 33%|███▎      | 41/125 [00:01<00:03, 24.52it/s]
 35%|███▌      | 44/125 [00:01<00:03, 22.44it/s]
 38%|███▊      | 47/125 [00:02<00:03, 23.49it/s]
 41%|████      | 51/125 [00:02<00:02, 24.73it/s]
 43%|████▎     | 54/125 [00:02<00:03, 22.04it/s]
 46%|████▌     | 57/125 [00:02<00:03, 20.14it/s]
 48%|████▊     | 60/125 [00:02<00:03, 19.82it/s]
 50%|█████     | 63/125 [00:02<00:03, 18.07it/s]
 52%|█████▏    | 65/125 [00:03<00:03, 17.19it/s]
 54%|█████▎    | 67/125 [00:03<00:03, 16.29it/s]
 55%|█████▌    | 69/125 [00:03<00:03, 15.88it/s]
 57%|█████▋    | 71/125 [00:03<00:03, 15.62it/s]
 58%|█████▊    | 73/125 [00:03<00:03, 15.31it/s]
 60%|██████    | 75/125 [00:03<00:03, 14.99it/s]
 62%|██████▏   | 77/125 [00:03<00:03, 14.93it/s]
 63%|██████▎   | 79/125 [00:04<00:03, 14.78it/s]
 65%|██████▍   | 81/125 [00:04<00:03, 14.56it/s]
 66%|██████▋   | 83/125 [00:04<00:02, 14.67it/s]
 68%|██████▊   | 85/125 [00:04<00:02, 14.82it/s]
 70%|██████▉   | 87/125 [00:04<00:02, 14.95it/s]
 71%|███████   | 89/125 [00:04<00:02, 14.59it/s]
 73%|███████▎  | 91/125 [00:04<00:02, 14.48it/s]
 74%|███████▍  | 93/125 [00:04<00:02, 14.56it/s]
 76%|███████▌  | 95/125 [00:05<00:02, 14.57it/s]
 78%|███████▊  | 97/125 [00:05<00:01, 14.26it/s]
 79%|███████▉  | 99/125 [00:05<00:01, 14.62it/s]
 81%|████████  | 101/125 [00:05<00:01, 15.34it/s]
 83%|████████▎ | 104/125 [00:05<00:01, 17.05it/s]
 86%|████████▌ | 107/125 [00:05<00:00, 18.34it/s]
 87%|████████▋ | 109/125 [00:05<00:00, 18.16it/s]
 89%|████████▉ | 111/125 [00:06<00:00, 18.15it/s]
 90%|█████████ | 113/125 [00:06<00:00, 17.92it/s]
 92%|█████████▏| 115/125 [00:06<00:00, 18.05it/s]
 94%|█████████▎| 117/125 [00:06<00:00, 18.52it/s]
 96%|█████████▌| 120/125 [00:06<00:00, 21.18it/s]
 99%|█████████▉| 124/125 [00:06<00:00, 25.46it/s]
100%|██████████| 125/125 [00:06<00:00, 18.96it/s]
{
  "reference": "/data/users/zhoushunyu/eqvae/imagenet_sit_flow/adm_reference_stats/imagenet100_validation_n5000_adm_stats.npz",
  "samples": "/data/users/zhoushunyu/eqvae/imagenet_sit_flow/v800_v270_v400_gamma_search_fid1k_v2/v400/static_sm1p5/samples_unguided_n1000.npz",
  "batch_size": 8,
  "gpu_memory_fraction": 0.25,
  "fid": 74.59496081809613,
  "sfid": 218.20609090557832,
  "inception_score": 34.312774658203125
}
[launch] /home/zhoushunyu/miniconda3/envs/myenv/bin/torchrun --standalone --nproc_per_node=1 /home/zhoushunyu/eqvae/experiments/sample_imagenet100_sit_static_pair_fid.py --anchor-checkpoint /data/users/zhoushunyu/eqvae/imagenet_sit_flow/runs/sit-s-2_seed0/checkpoints/step_00800000.pt --anchor-field auto --other-checkpoint /data/users/zhoushunyu/eqvae/imagenet_sit_flow/runs/sit-s-2_seed0/checkpoints/step_00400000.pt --other-field auto --static-scale -2.0 --control-mode full_pair --window-transition-width 0.01 --output-dir /data/users/zhoushunyu/eqvae/imagenet_sit_flow/v800_v270_v400_gamma_search_fid1k_v2/v400/static_sm2 --weights ema --num-samples 1000 --per-rank-batch-size 8 --vae-decode-batch-size 2 --cuda-allocator-limit-gib 4.0 --inter-batch-sleep 0.0 --global-seed 0 --precision fp32 --allow-tf32 --allow-step-mismatch
/home/zhoushunyu/miniconda3/envs/myenv/lib/python3.10/site-packages/huggingface_hub/utils/_validators.py:205: UserWarning: The `local_dir_use_symlinks` argument is deprecated and ignored in `hf_hub_download`. Downloading to a local directory does not use symlinks anymore.
  warnings.warn(
{"rank": 0, "scale": -2.0, "generated_on_rank": 8, "samples_per_rank": 1000, "elapsed_seconds": 1.6411673010443337, "images_per_second": 4.874579206464395, "last_batch_nfe": 104}
{"rank": 0, "scale": -2.0, "generated_on_rank": 512, "samples_per_rank": 1000, "elapsed_seconds": 99.11376612103777, "images_per_second": 5.165780900452773, "last_batch_nfe": 80}
{"rank": 0, "scale": -2.0, "generated_on_rank": 1000, "samples_per_rank": 1000, "elapsed_seconds": 157.59756412904244, "images_per_second": 6.345275737772128, "last_batch_nfe": 74}
{"event": "complete", "scale": -2.0, "samples": "/data/users/zhoushunyu/eqvae/imagenet_sit_flow/v800_v270_v400_gamma_search_fid1k_v2/v400/static_sm2/samples_unguided_n1000.npz", "label_count_min": 3, "label_count_max": 18}
[launch] /data/shared/envs/adm-fid/bin/python /home/zhoushunyu/eqvae/experiments/compute_adm_fid.py --reference /data/users/zhoushunyu/eqvae/imagenet_sit_flow/adm_reference_stats/imagenet100_validation_n5000_adm_stats.npz --samples /data/users/zhoushunyu/eqvae/imagenet_sit_flow/v800_v270_v400_gamma_search_fid1k_v2/v400/static_sm2/samples_unguided_n1000.npz --batch-size 8 --gpu-memory-fraction 0.25 --output /data/users/zhoushunyu/eqvae/imagenet_sit_flow/v800_v270_v400_gamma_search_fid1k_v2/v400/static_sm2/fid5k_adm_results.json
2026-08-17 23:25:42.695078: I tensorflow/core/util/port.cc:153] oneDNN custom operations are on. You may see slightly different numerical results due to floating-point round-off errors from different computation orders. To turn them off, set the environment variable `TF_ENABLE_ONEDNN_OPTS=0`.
2026-08-17 23:25:42.709096: E external/local_xla/xla/stream_executor/cuda/cuda_fft.cc:467] Unable to register cuFFT factory: Attempting to register factory for plugin cuFFT when one has already been registered
WARNING: All log messages before absl::InitializeLog() is called are written to STDERR
E0000 00:00:1786980342.725546 3392309 cuda_dnn.cc:8579] Unable to register cuDNN factory: Attempting to register factory for plugin cuDNN when one has already been registered
E0000 00:00:1786980342.730574 3392309 cuda_blas.cc:1407] Unable to register cuBLAS factory: Attempting to register factory for plugin cuBLAS when one has already been registered
W0000 00:00:1786980342.743679 3392309 computation_placer.cc:177] computation placer already registered. Please check linkage and avoid linking the same target more than once.
W0000 00:00:1786980342.743697 3392309 computation_placer.cc:177] computation placer already registered. Please check linkage and avoid linking the same target more than once.
W0000 00:00:1786980342.743700 3392309 computation_placer.cc:177] computation placer already registered. Please check linkage and avoid linking the same target more than once.
W0000 00:00:1786980342.743701 3392309 computation_placer.cc:177] computation placer already registered. Please check linkage and avoid linking the same target more than once.
2026-08-17 23:25:42.747631: I tensorflow/core/platform/cpu_feature_guard.cc:210] This TensorFlow binary is optimized to use available CPU instructions in performance-critical operations.
To enable the following instructions: AVX2 AVX512F AVX512_VNNI FMA, in other operations, rebuild TensorFlow with the appropriate compiler flags.
I0000 00:00:1786980344.563834 3392309 gpu_device.cc:2019] Created device /job:localhost/replica:0/task:0/device:GPU:0 with 6020 MB memory:  -> device: 0, name: NVIDIA GeForce RTX 4090, pci bus id: 0000:ca:00.0, compute capability: 8.9
I0000 00:00:1786980344.598959 3392309 gpu_device.cc:2019] Created device /job:localhost/replica:0/task:0/device:GPU:0 with 6020 MB memory:  -> device: 0, name: NVIDIA GeForce RTX 4090, pci bus id: 0000:ca:00.0, compute capability: 8.9
2026-08-17 23:25:45.053405: W tensorflow/core/framework/op_def_util.cc:370] Op BatchNormWithGlobalNormalization is deprecated. It will cease to work in GraphDef version 9. Use tf.nn.batch_normalization().
Warmup...

  0%|          | 0/1 [00:00<?, ?it/s]WARNING: All log messages before absl::InitializeLog() is called are written to STDERR
I0000 00:00:1786980345.869153 3392309 mlir_graph_optimization_pass.cc:425] MLIR V1 optimization pass is not enabled
I0000 00:00:1786980347.214744 3392518 cuda_dnn.cc:529] Loaded cuDNN version 90300

100%|██████████| 1/1 [00:03<00:00,  3.56s/it]
100%|██████████| 1/1 [00:03<00:00,  3.56s/it]
Reference statistics...
Sample activations/statistics...

  0%|          | 0/125 [00:00<?, ?it/s]
  1%|          | 1/125 [00:00<00:19,  6.28it/s]
  2%|▏         | 3/125 [00:00<00:11, 10.30it/s]
  4%|▍         | 5/125 [00:00<00:10, 11.66it/s]
  6%|▌         | 7/125 [00:00<00:11, 10.11it/s]
  7%|▋         | 9/125 [00:00<00:10, 11.11it/s]
  9%|▉         | 11/125 [00:00<00:09, 11.80it/s]
 10%|█         | 13/125 [00:01<00:09, 12.27it/s]
 12%|█▏        | 15/125 [00:01<00:10, 10.81it/s]
 14%|█▎        | 17/125 [00:01<00:09, 11.52it/s]
 15%|█▌        | 19/125 [00:01<00:08, 12.06it/s]
 17%|█▋        | 21/125 [00:01<00:09, 10.70it/s]
 18%|█▊        | 23/125 [00:02<00:08, 11.38it/s]
 20%|██        | 25/125 [00:02<00:08, 11.92it/s]
 22%|██▏       | 27/125 [00:02<00:09, 10.63it/s]
 23%|██▎       | 29/125 [00:02<00:08, 11.31it/s]
 25%|██▍       | 31/125 [00:02<00:07, 11.84it/s]
 26%|██▋       | 33/125 [00:02<00:08, 10.54it/s]
 28%|██▊       | 35/125 [00:03<00:08, 11.23it/s]
 30%|██▉       | 37/125 [00:03<00:07, 11.84it/s]
 31%|███       | 39/125 [00:03<00:08, 10.50it/s]
 33%|███▎      | 41/125 [00:03<00:07, 11.26it/s]
 34%|███▍      | 43/125 [00:03<00:06, 11.88it/s]
 36%|███▌      | 45/125 [00:03<00:06, 12.39it/s]
 38%|███▊      | 47/125 [00:04<00:07, 10.78it/s]
 39%|███▉      | 49/125 [00:04<00:06, 11.45it/s]
 41%|████      | 51/125 [00:04<00:06, 12.08it/s]
 42%|████▏     | 53/125 [00:04<00:06, 10.72it/s]
 44%|████▍     | 55/125 [00:04<00:06, 11.41it/s]
 46%|████▌     | 57/125 [00:05<00:05, 11.98it/s]
 47%|████▋     | 59/125 [00:05<00:06, 10.73it/s]
 49%|████▉     | 61/125 [00:05<00:05, 11.45it/s]
 50%|█████     | 63/125 [00:05<00:05, 11.94it/s]
 52%|█████▏    | 65/125 [00:05<00:05, 10.68it/s]
 54%|█████▎    | 67/125 [00:05<00:05, 11.43it/s]
 55%|█████▌    | 69/125 [00:06<00:04, 11.91it/s]
 57%|█████▋    | 71/125 [00:06<00:04, 12.14it/s]
 58%|█████▊    | 73/125 [00:06<00:04, 10.60it/s]
 60%|██████    | 75/125 [00:06<00:04, 11.28it/s]
 62%|██████▏   | 77/125 [00:06<00:04, 11.89it/s]
 63%|██████▎   | 79/125 [00:07<00:04, 10.48it/s]
 65%|██████▍   | 81/125 [00:07<00:03, 11.16it/s]
 66%|██████▋   | 83/125 [00:07<00:03, 11.75it/s]
 68%|██████▊   | 85/125 [00:07<00:03, 10.44it/s]
 70%|██████▉   | 87/125 [00:07<00:03, 11.21it/s]
 71%|███████   | 89/125 [00:07<00:03, 11.92it/s]
 73%|███████▎  | 91/125 [00:08<00:03, 10.58it/s]
 74%|███████▍  | 93/125 [00:08<00:02, 11.26it/s]
 76%|███████▌  | 95/125 [00:08<00:02, 11.78it/s]
 78%|███████▊  | 97/125 [00:08<00:02, 12.09it/s]
 79%|███████▉  | 99/125 [00:08<00:02, 12.42it/s]
 81%|████████  | 101/125 [00:08<00:02, 10.92it/s]
 82%|████████▏ | 103/125 [00:09<00:01, 11.52it/s]
 84%|████████▍ | 105/125 [00:09<00:01, 12.01it/s]
 86%|████████▌ | 107/125 [00:09<00:01, 12.37it/s]
 87%|████████▋ | 109/125 [00:09<00:01, 10.76it/s]
 89%|████████▉ | 111/125 [00:09<00:01, 11.56it/s]
 90%|█████████ | 113/125 [00:09<00:00, 12.07it/s]
 92%|█████████▏| 115/125 [00:10<00:00, 12.50it/s]
 94%|█████████▎| 117/125 [00:10<00:00, 12.77it/s]
 95%|█████████▌| 119/125 [00:10<00:00, 11.00it/s]
 97%|█████████▋| 121/125 [00:10<00:00, 11.62it/s]
 98%|█████████▊| 123/125 [00:10<00:00, 12.16it/s]
100%|██████████| 125/125 [00:10<00:00, 12.40it/s]
100%|██████████| 125/125 [00:10<00:00, 11.45it/s]
{
  "reference": "/data/users/zhoushunyu/eqvae/imagenet_sit_flow/adm_reference_stats/imagenet100_validation_n5000_adm_stats.npz",
  "samples": "/data/users/zhoushunyu/eqvae/imagenet_sit_flow/v800_v270_v400_gamma_search_fid1k_v2/v400/static_sm2/samples_unguided_n1000.npz",
  "batch_size": 8,
  "gpu_memory_fraction": 0.25,
  "fid": 72.68084744797119,
  "sfid": 218.20208441963814,
  "inception_score": 34.84757614135742
}
[launch] /home/zhoushunyu/miniconda3/envs/myenv/bin/torchrun --standalone --nproc_per_node=1 /home/zhoushunyu/eqvae/experiments/sample_imagenet100_sit_static_pair_fid.py --anchor-checkpoint /data/users/zhoushunyu/eqvae/imagenet_sit_flow/runs/sit-s-2_seed0/checkpoints/step_00800000.pt --anchor-field auto --other-checkpoint /data/users/zhoushunyu/eqvae/imagenet_sit_flow/runs/sit-s-2_seed0/checkpoints/step_00400000.pt --other-field auto --static-scale -2.5 --control-mode full_pair --window-transition-width 0.01 --output-dir /data/users/zhoushunyu/eqvae/imagenet_sit_flow/v800_v270_v400_gamma_search_fid1k_v2/v400/static_sm2p5 --weights ema --num-samples 1000 --per-rank-batch-size 8 --vae-decode-batch-size 2 --cuda-allocator-limit-gib 4.0 --inter-batch-sleep 0.0 --global-seed 0 --precision fp32 --allow-tf32 --allow-step-mismatch
/home/zhoushunyu/miniconda3/envs/myenv/lib/python3.10/site-packages/huggingface_hub/utils/_validators.py:205: UserWarning: The `local_dir_use_symlinks` argument is deprecated and ignored in `hf_hub_download`. Downloading to a local directory does not use symlinks anymore.
  warnings.warn(
{"rank": 0, "scale": -2.5, "generated_on_rank": 8, "samples_per_rank": 1000, "elapsed_seconds": 1.836946755007375, "images_per_second": 4.355052740746359, "last_batch_nfe": 92}
{"rank": 0, "scale": -2.5, "generated_on_rank": 512, "samples_per_rank": 1000, "elapsed_seconds": 70.31546310003614, "images_per_second": 7.2814709229972605, "last_batch_nfe": 68}
{"rank": 0, "scale": -2.5, "generated_on_rank": 1000, "samples_per_rank": 1000, "elapsed_seconds": 156.51012024102965, "images_per_second": 6.389363182776768, "last_batch_nfe": 62}
{"event": "complete", "scale": -2.5, "samples": "/data/users/zhoushunyu/eqvae/imagenet_sit_flow/v800_v270_v400_gamma_search_fid1k_v2/v400/static_sm2p5/samples_unguided_n1000.npz", "label_count_min": 3, "label_count_max": 18}
[launch] /data/shared/envs/adm-fid/bin/python /home/zhoushunyu/eqvae/experiments/compute_adm_fid.py --reference /data/users/zhoushunyu/eqvae/imagenet_sit_flow/adm_reference_stats/imagenet100_validation_n5000_adm_stats.npz --samples /data/users/zhoushunyu/eqvae/imagenet_sit_flow/v800_v270_v400_gamma_search_fid1k_v2/v400/static_sm2p5/samples_unguided_n1000.npz --batch-size 8 --gpu-memory-fraction 0.25 --output /data/users/zhoushunyu/eqvae/imagenet_sit_flow/v800_v270_v400_gamma_search_fid1k_v2/v400/static_sm2p5/fid5k_adm_results.json
2026-08-17 23:29:03.561262: I tensorflow/core/util/port.cc:153] oneDNN custom operations are on. You may see slightly different numerical results due to floating-point round-off errors from different computation orders. To turn them off, set the environment variable `TF_ENABLE_ONEDNN_OPTS=0`.
2026-08-17 23:29:03.575641: E external/local_xla/xla/stream_executor/cuda/cuda_fft.cc:467] Unable to register cuFFT factory: Attempting to register factory for plugin cuFFT when one has already been registered
WARNING: All log messages before absl::InitializeLog() is called are written to STDERR
E0000 00:00:1786980543.592325 3400397 cuda_dnn.cc:8579] Unable to register cuDNN factory: Attempting to register factory for plugin cuDNN when one has already been registered
E0000 00:00:1786980543.597578 3400397 cuda_blas.cc:1407] Unable to register cuBLAS factory: Attempting to register factory for plugin cuBLAS when one has already been registered
W0000 00:00:1786980543.611031 3400397 computation_placer.cc:177] computation placer already registered. Please check linkage and avoid linking the same target more than once.
W0000 00:00:1786980543.611047 3400397 computation_placer.cc:177] computation placer already registered. Please check linkage and avoid linking the same target more than once.
W0000 00:00:1786980543.611049 3400397 computation_placer.cc:177] computation placer already registered. Please check linkage and avoid linking the same target more than once.
W0000 00:00:1786980543.611051 3400397 computation_placer.cc:177] computation placer already registered. Please check linkage and avoid linking the same target more than once.
2026-08-17 23:29:03.615037: I tensorflow/core/platform/cpu_feature_guard.cc:210] This TensorFlow binary is optimized to use available CPU instructions in performance-critical operations.
To enable the following instructions: AVX2 AVX512F AVX512_VNNI FMA, in other operations, rebuild TensorFlow with the appropriate compiler flags.
I0000 00:00:1786980545.343915 3400397 gpu_device.cc:2019] Created device /job:localhost/replica:0/task:0/device:GPU:0 with 6020 MB memory:  -> device: 0, name: NVIDIA GeForce RTX 4090, pci bus id: 0000:ca:00.0, compute capability: 8.9
I0000 00:00:1786980545.383736 3400397 gpu_device.cc:2019] Created device /job:localhost/replica:0/task:0/device:GPU:0 with 6020 MB memory:  -> device: 0, name: NVIDIA GeForce RTX 4090, pci bus id: 0000:ca:00.0, compute capability: 8.9
2026-08-17 23:29:05.911828: W tensorflow/core/framework/op_def_util.cc:370] Op BatchNormWithGlobalNormalization is deprecated. It will cease to work in GraphDef version 9. Use tf.nn.batch_normalization().
Warmup...

  0%|          | 0/1 [00:00<?, ?it/s]WARNING: All log messages before absl::InitializeLog() is called are written to STDERR
I0000 00:00:1786980546.999279 3400397 mlir_graph_optimization_pass.cc:425] MLIR V1 optimization pass is not enabled
I0000 00:00:1786980548.433498 3400629 cuda_dnn.cc:529] Loaded cuDNN version 90300

100%|██████████| 1/1 [00:04<00:00,  4.07s/it]
100%|██████████| 1/1 [00:04<00:00,  4.07s/it]
Reference statistics...
Sample activations/statistics...

  0%|          | 0/125 [00:00<?, ?it/s]
  2%|▏         | 2/125 [00:00<00:12,  9.87it/s]
  2%|▏         | 3/125 [00:00<00:17,  7.05it/s]
  4%|▍         | 5/125 [00:00<00:14,  8.46it/s]
  5%|▍         | 6/125 [00:00<00:16,  7.12it/s]
  6%|▋         | 8/125 [00:00<00:14,  8.19it/s]
  7%|▋         | 9/125 [00:01<00:13,  8.54it/s]
  8%|▊         | 10/125 [00:01<00:13,  8.79it/s]
  9%|▉         | 11/125 [00:01<00:12,  9.08it/s]
 10%|▉         | 12/125 [00:01<00:14,  7.77it/s]
 11%|█         | 14/125 [00:01<00:12,  8.71it/s]
 12%|█▏        | 15/125 [00:01<00:12,  8.97it/s]
 13%|█▎        | 16/125 [00:01<00:13,  7.81it/s]
 14%|█▎        | 17/125 [00:02<00:13,  8.22it/s]
 15%|█▌        | 19/125 [00:02<00:11,  8.96it/s]
 16%|█▌        | 20/125 [00:02<00:13,  7.68it/s]
 17%|█▋        | 21/125 [00:02<00:12,  8.12it/s]
 18%|█▊        | 23/125 [00:02<00:11,  8.88it/s]
 19%|█▉        | 24/125 [00:02<00:11,  9.06it/s]
 20%|██        | 25/125 [00:03<00:13,  7.57it/s]
 22%|██▏       | 27/125 [00:03<00:11,  8.48it/s]
 23%|██▎       | 29/125 [00:03<00:12,  7.93it/s]
 24%|██▍       | 30/125 [00:03<00:11,  8.22it/s]
 26%|██▌       | 32/125 [00:03<00:10,  8.84it/s]
 26%|██▋       | 33/125 [00:04<00:11,  7.83it/s]
 28%|██▊       | 35/125 [00:04<00:10,  8.60it/s]
 30%|██▉       | 37/125 [00:04<00:10,  8.10it/s]
 31%|███       | 39/125 [00:04<00:09,  8.67it/s]
 32%|███▏      | 40/125 [00:04<00:10,  7.89it/s]
 34%|███▎      | 42/125 [00:05<00:09,  8.63it/s]
 34%|███▍      | 43/125 [00:05<00:09,  8.86it/s]
 35%|███▌      | 44/125 [00:05<00:10,  7.84it/s]
 37%|███▋      | 46/125 [00:05<00:09,  8.67it/s]
 38%|███▊      | 47/125 [00:05<00:08,  8.93it/s]
 38%|███▊      | 48/125 [00:05<00:09,  8.25it/s]
 42%|████▏     | 52/125 [00:05<00:04, 14.85it/s]
 45%|████▍     | 56/125 [00:05<00:03, 20.32it/s]
 48%|████▊     | 60/125 [00:06<00:02, 24.64it/s]
 51%|█████     | 64/125 [00:06<00:02, 27.95it/s]
 54%|█████▍    | 68/125 [00:06<00:01, 30.44it/s]
 58%|█████▊    | 72/125 [00:06<00:01, 31.82it/s]
 61%|██████    | 76/125 [00:06<00:01, 25.00it/s]
 63%|██████▎   | 79/125 [00:06<00:02, 21.31it/s]
 66%|██████▌   | 82/125 [00:07<00:02, 19.63it/s]
 68%|██████▊   | 85/125 [00:07<00:02, 18.08it/s]
 70%|██████▉   | 87/125 [00:07<00:02, 17.26it/s]
 71%|███████   | 89/125 [00:07<00:02, 16.59it/s]
 73%|███████▎  | 91/125 [00:07<00:02, 15.95it/s]
 74%|███████▍  | 93/125 [00:07<00:02, 15.50it/s]
 76%|███████▌  | 95/125 [00:07<00:01, 15.30it/s]
 78%|███████▊  | 97/125 [00:08<00:01, 14.79it/s]
 79%|███████▉  | 99/125 [00:08<00:01, 14.73it/s]
 81%|████████  | 101/125 [00:08<00:01, 14.81it/s]
 82%|████████▏ | 103/125 [00:08<00:01, 14.70it/s]
 84%|████████▍ | 105/125 [00:08<00:01, 14.99it/s]
 86%|████████▌ | 107/125 [00:08<00:01, 15.31it/s]
 87%|████████▋ | 109/125 [00:08<00:01, 15.58it/s]
 89%|████████▉ | 111/125 [00:08<00:00, 15.69it/s]
 90%|█████████ | 113/125 [00:09<00:00, 16.23it/s]
 92%|█████████▏| 115/125 [00:09<00:00, 16.09it/s]
 94%|█████████▎| 117/125 [00:09<00:00, 15.97it/s]
 95%|█████████▌| 119/125 [00:09<00:00, 15.33it/s]
 97%|█████████▋| 121/125 [00:09<00:00, 15.53it/s]
 98%|█████████▊| 123/125 [00:09<00:00, 15.61it/s]
100%|██████████| 125/125 [00:09<00:00, 15.69it/s]
100%|██████████| 125/125 [00:09<00:00, 12.67it/s]
{
  "reference": "/data/users/zhoushunyu/eqvae/imagenet_sit_flow/adm_reference_stats/imagenet100_validation_n5000_adm_stats.npz",
  "samples": "/data/users/zhoushunyu/eqvae/imagenet_sit_flow/v800_v270_v400_gamma_search_fid1k_v2/v400/static_sm2p5/samples_unguided_n1000.npz",
  "batch_size": 8,
  "gpu_memory_fraction": 0.25,
  "fid": 71.23200942470157,
  "sfid": 218.2853567999315,
  "inception_score": 34.443031311035156
}
[launch] /home/zhoushunyu/miniconda3/envs/myenv/bin/torchrun --standalone --nproc_per_node=1 /home/zhoushunyu/eqvae/experiments/sample_imagenet100_sit_static_pair_fid.py --anchor-checkpoint /data/users/zhoushunyu/eqvae/imagenet_sit_flow/runs/sit-s-2_seed0/checkpoints/step_00800000.pt --anchor-field auto --other-checkpoint /data/users/zhoushunyu/eqvae/imagenet_sit_flow/runs/sit-s-2_seed0/checkpoints/step_00400000.pt --other-field auto --static-scale -3.0 --control-mode full_pair --window-transition-width 0.01 --output-dir /data/users/zhoushunyu/eqvae/imagenet_sit_flow/v800_v270_v400_gamma_search_fid1k_v2/v400/static_sm3 --weights ema --num-samples 1000 --per-rank-batch-size 8 --vae-decode-batch-size 2 --cuda-allocator-limit-gib 4.0 --inter-batch-sleep 0.0 --global-seed 0 --precision fp32 --allow-tf32 --allow-step-mismatch
/home/zhoushunyu/miniconda3/envs/myenv/lib/python3.10/site-packages/huggingface_hub/utils/_validators.py:205: UserWarning: The `local_dir_use_symlinks` argument is deprecated and ignored in `hf_hub_download`. Downloading to a local directory does not use symlinks anymore.
  warnings.warn(
{"rank": 0, "scale": -3.0, "generated_on_rank": 8, "samples_per_rank": 1000, "elapsed_seconds": 1.572327784029767, "images_per_second": 5.08799760536989, "last_batch_nfe": 116}
{"rank": 0, "scale": -3.0, "generated_on_rank": 512, "samples_per_rank": 1000, "elapsed_seconds": 103.99025289498968, "images_per_second": 4.923538367745123, "last_batch_nfe": 86}
{"rank": 0, "scale": -3.0, "generated_on_rank": 1000, "samples_per_rank": 1000, "elapsed_seconds": 176.00725560402498, "images_per_second": 5.681583958389564, "last_batch_nfe": 74}
{"event": "complete", "scale": -3.0, "samples": "/data/users/zhoushunyu/eqvae/imagenet_sit_flow/v800_v270_v400_gamma_search_fid1k_v2/v400/static_sm3/samples_unguided_n1000.npz", "label_count_min": 3, "label_count_max": 18}
[launch] /data/shared/envs/adm-fid/bin/python /home/zhoushunyu/eqvae/experiments/compute_adm_fid.py --reference /data/users/zhoushunyu/eqvae/imagenet_sit_flow/adm_reference_stats/imagenet100_validation_n5000_adm_stats.npz --samples /data/users/zhoushunyu/eqvae/imagenet_sit_flow/v800_v270_v400_gamma_search_fid1k_v2/v400/static_sm3/samples_unguided_n1000.npz --batch-size 8 --gpu-memory-fraction 0.25 --output /data/users/zhoushunyu/eqvae/imagenet_sit_flow/v800_v270_v400_gamma_search_fid1k_v2/v400/static_sm3/fid5k_adm_results.json
2026-08-17 23:32:44.720047: I tensorflow/core/util/port.cc:153] oneDNN custom operations are on. You may see slightly different numerical results due to floating-point round-off errors from different computation orders. To turn them off, set the environment variable `TF_ENABLE_ONEDNN_OPTS=0`.
2026-08-17 23:32:44.734464: E external/local_xla/xla/stream_executor/cuda/cuda_fft.cc:467] Unable to register cuFFT factory: Attempting to register factory for plugin cuFFT when one has already been registered
WARNING: All log messages before absl::InitializeLog() is called are written to STDERR
E0000 00:00:1786980764.751219 3408925 cuda_dnn.cc:8579] Unable to register cuDNN factory: Attempting to register factory for plugin cuDNN when one has already been registered
E0000 00:00:1786980764.756543 3408925 cuda_blas.cc:1407] Unable to register cuBLAS factory: Attempting to register factory for plugin cuBLAS when one has already been registered
W0000 00:00:1786980764.769815 3408925 computation_placer.cc:177] computation placer already registered. Please check linkage and avoid linking the same target more than once.
W0000 00:00:1786980764.769831 3408925 computation_placer.cc:177] computation placer already registered. Please check linkage and avoid linking the same target more than once.
W0000 00:00:1786980764.769833 3408925 computation_placer.cc:177] computation placer already registered. Please check linkage and avoid linking the same target more than once.
W0000 00:00:1786980764.769835 3408925 computation_placer.cc:177] computation placer already registered. Please check linkage and avoid linking the same target more than once.
2026-08-17 23:32:44.774017: I tensorflow/core/platform/cpu_feature_guard.cc:210] This TensorFlow binary is optimized to use available CPU instructions in performance-critical operations.
To enable the following instructions: AVX2 AVX512F AVX512_VNNI FMA, in other operations, rebuild TensorFlow with the appropriate compiler flags.
I0000 00:00:1786980766.445926 3408925 gpu_device.cc:2019] Created device /job:localhost/replica:0/task:0/device:GPU:0 with 6020 MB memory:  -> device: 0, name: NVIDIA GeForce RTX 4090, pci bus id: 0000:ca:00.0, compute capability: 8.9
I0000 00:00:1786980766.476961 3408925 gpu_device.cc:2019] Created device /job:localhost/replica:0/task:0/device:GPU:0 with 6020 MB memory:  -> device: 0, name: NVIDIA GeForce RTX 4090, pci bus id: 0000:ca:00.0, compute capability: 8.9
2026-08-17 23:32:46.903920: W tensorflow/core/framework/op_def_util.cc:370] Op BatchNormWithGlobalNormalization is deprecated. It will cease to work in GraphDef version 9. Use tf.nn.batch_normalization().
Warmup...

  0%|          | 0/1 [00:00<?, ?it/s]WARNING: All log messages before absl::InitializeLog() is called are written to STDERR
I0000 00:00:1786980767.776082 3408925 mlir_graph_optimization_pass.cc:425] MLIR V1 optimization pass is not enabled
I0000 00:00:1786980769.158002 3409150 cuda_dnn.cc:529] Loaded cuDNN version 90300

100%|██████████| 1/1 [00:03<00:00,  3.88s/it]
100%|██████████| 1/1 [00:03<00:00,  3.88s/it]
Reference statistics...
Sample activations/statistics...

  0%|          | 0/125 [00:00<?, ?it/s]
  1%|          | 1/125 [00:00<00:21,  5.75it/s]
  2%|▏         | 2/125 [00:00<00:16,  7.45it/s]
  2%|▏         | 3/125 [00:00<00:14,  8.30it/s]
  3%|▎         | 4/125 [00:00<00:16,  7.37it/s]
  4%|▍         | 5/125 [00:00<00:15,  7.94it/s]
  5%|▍         | 6/125 [00:00<00:13,  8.52it/s]
  6%|▌         | 7/125 [00:00<00:13,  8.80it/s]
  6%|▋         | 8/125 [00:00<00:12,  9.03it/s]
  7%|▋         | 9/125 [00:01<00:14,  7.97it/s]
  8%|▊         | 10/125 [00:01<00:13,  8.28it/s]
 10%|▉         | 12/125 [00:01<00:12,  8.98it/s]
 11%|█         | 14/125 [00:01<00:13,  8.07it/s]
 13%|█▎        | 16/125 [00:01<00:12,  8.72it/s]
 14%|█▎        | 17/125 [00:02<00:12,  8.93it/s]
 14%|█▍        | 18/125 [00:02<00:13,  7.68it/s]
 16%|█▌        | 20/125 [00:02<00:12,  8.73it/s]
 17%|█▋        | 21/125 [00:02<00:11,  8.93it/s]
 18%|█▊        | 22/125 [00:02<00:13,  7.76it/s]
 18%|█▊        | 23/125 [00:02<00:12,  8.22it/s]
 19%|█▉        | 24/125 [00:02<00:11,  8.49it/s]
 20%|██        | 25/125 [00:02<00:11,  8.72it/s]
 21%|██        | 26/125 [00:03<00:13,  7.50it/s]
 22%|██▏       | 27/125 [00:03<00:12,  7.97it/s]
 22%|██▏       | 28/125 [00:03<00:11,  8.33it/s]
 23%|██▎       | 29/125 [00:03<00:13,  7.29it/s]
 24%|██▍       | 30/125 [00:03<00:12,  7.90it/s]
 26%|██▌       | 32/125 [00:03<00:10,  8.76it/s]
 26%|██▋       | 33/125 [00:04<00:12,  7.39it/s]
 28%|██▊       | 35/125 [00:04<00:10,  8.32it/s]
 29%|██▉       | 36/125 [00:04<00:10,  8.63it/s]
 30%|██▉       | 37/125 [00:04<00:09,  8.83it/s]
 31%|███       | 39/125 [00:04<00:10,  8.09it/s]
 33%|███▎      | 41/125 [00:04<00:09,  8.73it/s]
 34%|███▎      | 42/125 [00:05<00:09,  8.86it/s]
 34%|███▍      | 43/125 [00:05<00:10,  7.74it/s]
 36%|███▌      | 45/125 [00:05<00:09,  8.72it/s]
 37%|███▋      | 46/125 [00:05<00:08,  8.95it/s]
 38%|███▊      | 47/125 [00:05<00:08,  9.09it/s]
 38%|███▊      | 48/125 [00:05<00:09,  8.23it/s]
 39%|███▉      | 49/125 [00:05<00:09,  8.43it/s]
 40%|████      | 50/125 [00:05<00:08,  8.78it/s]
 41%|████      | 51/125 [00:06<00:08,  8.95it/s]
 42%|████▏     | 52/125 [00:06<00:07,  9.15it/s]
 42%|████▏     | 53/125 [00:06<00:09,  7.69it/s]
 44%|████▍     | 55/125 [00:06<00:08,  8.61it/s]
 45%|████▍     | 56/125 [00:06<00:07,  8.87it/s]
 46%|████▌     | 57/125 [00:06<00:07,  9.11it/s]
 46%|████▋     | 58/125 [00:06<00:08,  7.75it/s]
 47%|████▋     | 59/125 [00:07<00:08,  8.24it/s]
 48%|████▊     | 60/125 [00:07<00:07,  8.67it/s]
 49%|████▉     | 61/125 [00:07<00:08,  7.36it/s]
 50%|█████     | 63/125 [00:07<00:07,  8.42it/s]
 51%|█████     | 64/125 [00:07<00:07,  8.64it/s]
 52%|█████▏    | 65/125 [00:07<00:06,  8.90it/s]
 53%|█████▎    | 66/125 [00:07<00:07,  7.66it/s]
 54%|█████▎    | 67/125 [00:08<00:07,  8.15it/s]
 55%|█████▌    | 69/125 [00:08<00:06,  8.99it/s]
 56%|█████▌    | 70/125 [00:08<00:07,  7.57it/s]
 58%|█████▊    | 72/125 [00:08<00:06,  8.41it/s]
 58%|█████▊    | 73/125 [00:08<00:06,  8.65it/s]
 59%|█████▉    | 74/125 [00:08<00:06,  7.37it/s]
 61%|██████    | 76/125 [00:09<00:05,  8.25it/s]
 62%|██████▏   | 77/125 [00:09<00:05,  8.56it/s]
 62%|██████▏   | 78/125 [00:09<00:06,  7.52it/s]
 63%|██████▎   | 79/125 [00:09<00:05,  7.96it/s]
 65%|██████▍   | 81/125 [00:09<00:05,  8.76it/s]
 66%|██████▌   | 82/125 [00:09<00:05,  7.70it/s]
 66%|██████▋   | 83/125 [00:10<00:05,  8.13it/s]
 67%|██████▋   | 84/125 [00:10<00:04,  8.54it/s]
 68%|██████▊   | 85/125 [00:10<00:04,  8.76it/s]
 69%|██████▉   | 86/125 [00:10<00:05,  7.49it/s]
 70%|██████▉   | 87/125 [00:10<00:04,  8.04it/s]
 71%|███████   | 89/125 [00:10<00:04,  8.91it/s]
 72%|███████▏  | 90/125 [00:10<00:03,  9.14it/s]
 73%|███████▎  | 91/125 [00:10<00:04,  7.81it/s]
 74%|███████▎  | 92/125 [00:11<00:04,  8.19it/s]
 74%|███████▍  | 93/125 [00:11<00:03,  8.58it/s]
 75%|███████▌  | 94/125 [00:11<00:03,  8.89it/s]
 76%|███████▌  | 95/125 [00:11<00:03,  8.87it/s]
 77%|███████▋  | 96/125 [00:11<00:03,  8.03it/s]
 78%|███████▊  | 97/125 [00:11<00:03,  8.14it/s]
 78%|███████▊  | 98/125 [00:11<00:03,  8.56it/s]
 79%|███████▉  | 99/125 [00:11<00:02,  8.82it/s]
 80%|████████  | 100/125 [00:12<00:03,  7.54it/s]
 81%|████████  | 101/125 [00:12<00:02,  8.13it/s]
 82%|████████▏ | 103/125 [00:12<00:02,  9.00it/s]
 83%|████████▎ | 104/125 [00:12<00:02,  7.87it/s]
 84%|████████▍ | 105/125 [00:12<00:02,  8.22it/s]
 85%|████████▍ | 106/125 [00:12<00:02,  8.51it/s]
 86%|████████▌ | 107/125 [00:12<00:02,  7.37it/s]
 86%|████████▋ | 108/125 [00:13<00:02,  7.94it/s]
 88%|████████▊ | 110/125 [00:13<00:01,  8.69it/s]
 89%|████████▉ | 111/125 [00:13<00:01,  7.85it/s]
 90%|████████▉ | 112/125 [00:13<00:01,  8.25it/s]
 91%|█████████ | 114/125 [00:13<00:01,  8.87it/s]
 92%|█████████▏| 115/125 [00:13<00:01,  7.81it/s]
 93%|█████████▎| 116/125 [00:13<00:01,  8.24it/s]
 94%|█████████▎| 117/125 [00:14<00:00,  8.59it/s]
 94%|█████████▍| 118/125 [00:14<00:00,  8.92it/s]
 96%|█████████▌| 120/125 [00:14<00:00,  7.96it/s]
 98%|█████████▊| 122/125 [00:14<00:00,  8.70it/s]
 98%|█████████▊| 123/125 [00:14<00:00,  8.92it/s]
 99%|█████████▉| 124/125 [00:14<00:00,  9.04it/s]
100%|██████████| 125/125 [00:15<00:00,  7.81it/s]
100%|██████████| 125/125 [00:15<00:00,  8.31it/s]
{
  "reference": "/data/users/zhoushunyu/eqvae/imagenet_sit_flow/adm_reference_stats/imagenet100_validation_n5000_adm_stats.npz",
  "samples": "/data/users/zhoushunyu/eqvae/imagenet_sit_flow/v800_v270_v400_gamma_search_fid1k_v2/v400/static_sm3/samples_unguided_n1000.npz",
  "batch_size": 8,
  "gpu_memory_fraction": 0.25,
  "fid": 70.9107176060727,
  "sfid": 218.60910952017673,
  "inception_score": 34.50596618652344
}
[launch] /home/zhoushunyu/miniconda3/envs/myenv/bin/torchrun --standalone --nproc_per_node=1 /home/zhoushunyu/eqvae/experiments/sample_imagenet100_sit_static_pair_fid.py --anchor-checkpoint /data/users/zhoushunyu/eqvae/imagenet_sit_flow/runs/sit-s-2_seed0/checkpoints/step_00800000.pt --anchor-field auto --other-checkpoint /data/users/zhoushunyu/eqvae/imagenet_sit_flow/runs/sit-s-2_seed0/checkpoints/step_00400000.pt --other-field auto --static-scale -3.5 --control-mode full_pair --window-transition-width 0.01 --output-dir /data/users/zhoushunyu/eqvae/imagenet_sit_flow/v800_v270_v400_gamma_search_fid1k_v2/v400/static_sm3p5 --weights ema --num-samples 1000 --per-rank-batch-size 8 --vae-decode-batch-size 2 --cuda-allocator-limit-gib 4.0 --inter-batch-sleep 0.0 --global-seed 0 --precision fp32 --allow-tf32 --allow-step-mismatch
/home/zhoushunyu/miniconda3/envs/myenv/lib/python3.10/site-packages/huggingface_hub/utils/_validators.py:205: UserWarning: The `local_dir_use_symlinks` argument is deprecated and ignored in `hf_hub_download`. Downloading to a local directory does not use symlinks anymore.
  warnings.warn(
{"rank": 0, "scale": -3.5, "generated_on_rank": 8, "samples_per_rank": 1000, "elapsed_seconds": 1.4209967930219136, "images_per_second": 5.629850847859465, "last_batch_nfe": 98}
{"rank": 0, "scale": -3.5, "generated_on_rank": 512, "samples_per_rank": 1000, "elapsed_seconds": 78.24177243601298, "images_per_second": 6.543819037569982, "last_batch_nfe": 104}
{"rank": 0, "scale": -3.5, "generated_on_rank": 1000, "samples_per_rank": 1000, "elapsed_seconds": 174.34240399400005, "images_per_second": 5.735839228386542, "last_batch_nfe": 104}
{"event": "complete", "scale": -3.5, "samples": "/data/users/zhoushunyu/eqvae/imagenet_sit_flow/v800_v270_v400_gamma_search_fid1k_v2/v400/static_sm3p5/samples_unguided_n1000.npz", "label_count_min": 3, "label_count_max": 18}
[launch] /data/shared/envs/adm-fid/bin/python /home/zhoushunyu/eqvae/experiments/compute_adm_fid.py --reference /data/users/zhoushunyu/eqvae/imagenet_sit_flow/adm_reference_stats/imagenet100_validation_n5000_adm_stats.npz --samples /data/users/zhoushunyu/eqvae/imagenet_sit_flow/v800_v270_v400_gamma_search_fid1k_v2/v400/static_sm3p5/samples_unguided_n1000.npz --batch-size 8 --gpu-memory-fraction 0.25 --output /data/users/zhoushunyu/eqvae/imagenet_sit_flow/v800_v270_v400_gamma_search_fid1k_v2/v400/static_sm3p5/fid5k_adm_results.json
2026-08-17 23:36:27.394526: I tensorflow/core/util/port.cc:153] oneDNN custom operations are on. You may see slightly different numerical results due to floating-point round-off errors from different computation orders. To turn them off, set the environment variable `TF_ENABLE_ONEDNN_OPTS=0`.
2026-08-17 23:36:27.408605: E external/local_xla/xla/stream_executor/cuda/cuda_fft.cc:467] Unable to register cuFFT factory: Attempting to register factory for plugin cuFFT when one has already been registered
WARNING: All log messages before absl::InitializeLog() is called are written to STDERR
E0000 00:00:1786980987.425887 3418208 cuda_dnn.cc:8579] Unable to register cuDNN factory: Attempting to register factory for plugin cuDNN when one has already been registered
E0000 00:00:1786980987.430965 3418208 cuda_blas.cc:1407] Unable to register cuBLAS factory: Attempting to register factory for plugin cuBLAS when one has already been registered
W0000 00:00:1786980987.444014 3418208 computation_placer.cc:177] computation placer already registered. Please check linkage and avoid linking the same target more than once.
W0000 00:00:1786980987.444034 3418208 computation_placer.cc:177] computation placer already registered. Please check linkage and avoid linking the same target more than once.
W0000 00:00:1786980987.444036 3418208 computation_placer.cc:177] computation placer already registered. Please check linkage and avoid linking the same target more than once.
W0000 00:00:1786980987.444038 3418208 computation_placer.cc:177] computation placer already registered. Please check linkage and avoid linking the same target more than once.
2026-08-17 23:36:27.448010: I tensorflow/core/platform/cpu_feature_guard.cc:210] This TensorFlow binary is optimized to use available CPU instructions in performance-critical operations.
To enable the following instructions: AVX2 AVX512F AVX512_VNNI FMA, in other operations, rebuild TensorFlow with the appropriate compiler flags.
I0000 00:00:1786980989.242325 3418208 gpu_device.cc:2019] Created device /job:localhost/replica:0/task:0/device:GPU:0 with 6020 MB memory:  -> device: 0, name: NVIDIA GeForce RTX 4090, pci bus id: 0000:ca:00.0, compute capability: 8.9
I0000 00:00:1786980989.277335 3418208 gpu_device.cc:2019] Created device /job:localhost/replica:0/task:0/device:GPU:0 with 6020 MB memory:  -> device: 0, name: NVIDIA GeForce RTX 4090, pci bus id: 0000:ca:00.0, compute capability: 8.9
2026-08-17 23:36:29.757343: W tensorflow/core/framework/op_def_util.cc:370] Op BatchNormWithGlobalNormalization is deprecated. It will cease to work in GraphDef version 9. Use tf.nn.batch_normalization().
Warmup...

  0%|          | 0/1 [00:00<?, ?it/s]WARNING: All log messages before absl::InitializeLog() is called are written to STDERR
I0000 00:00:1786980990.603877 3418208 mlir_graph_optimization_pass.cc:425] MLIR V1 optimization pass is not enabled
I0000 00:00:1786980991.945836 3418526 cuda_dnn.cc:529] Loaded cuDNN version 90300

100%|██████████| 1/1 [00:02<00:00,  2.94s/it]
100%|██████████| 1/1 [00:02<00:00,  2.94s/it]
Reference statistics...
Sample activations/statistics...

  0%|          | 0/125 [00:00<?, ?it/s]
  2%|▏         | 2/125 [00:00<00:07, 16.45it/s]
  3%|▎         | 4/125 [00:00<00:06, 17.50it/s]
  5%|▍         | 6/125 [00:00<00:06, 17.52it/s]
  6%|▋         | 8/125 [00:00<00:06, 17.10it/s]
  8%|▊         | 10/125 [00:00<00:06, 17.91it/s]
 10%|▉         | 12/125 [00:00<00:06, 17.05it/s]
 11%|█         | 14/125 [00:00<00:06, 15.93it/s]
 13%|█▎        | 16/125 [00:00<00:06, 15.68it/s]
 14%|█▍        | 18/125 [00:01<00:06, 16.10it/s]
 16%|█▌        | 20/125 [00:01<00:06, 16.55it/s]
 18%|█▊        | 23/125 [00:01<00:05, 18.82it/s]
 21%|██        | 26/125 [00:01<00:04, 20.57it/s]
 23%|██▎       | 29/125 [00:01<00:04, 21.29it/s]
 26%|██▌       | 32/125 [00:01<00:04, 23.11it/s]
 28%|██▊       | 35/125 [00:01<00:03, 23.85it/s]
 30%|███       | 38/125 [00:01<00:04, 20.80it/s]
 33%|███▎      | 41/125 [00:02<00:03, 21.08it/s]
 35%|███▌      | 44/125 [00:02<00:04, 19.28it/s]
 38%|███▊      | 47/125 [00:02<00:04, 18.40it/s]
 39%|███▉      | 49/125 [00:02<00:04, 17.96it/s]
 41%|████      | 51/125 [00:02<00:04, 17.41it/s]
 42%|████▏     | 53/125 [00:02<00:04, 17.42it/s]
 44%|████▍     | 55/125 [00:02<00:04, 16.97it/s]
 46%|████▌     | 57/125 [00:03<00:03, 17.06it/s]
 48%|████▊     | 60/125 [00:03<00:03, 18.09it/s]
 50%|████▉     | 62/125 [00:03<00:03, 17.52it/s]
 51%|█████     | 64/125 [00:03<00:03, 17.02it/s]
 53%|█████▎    | 66/125 [00:03<00:03, 16.81it/s]
 54%|█████▍    | 68/125 [00:03<00:03, 16.55it/s]
 56%|█████▌    | 70/125 [00:03<00:03, 16.19it/s]
 58%|█████▊    | 72/125 [00:03<00:03, 16.22it/s]
 59%|█████▉    | 74/125 [00:04<00:03, 16.16it/s]
 61%|██████    | 76/125 [00:04<00:03, 16.14it/s]
 62%|██████▏   | 78/125 [00:04<00:02, 15.97it/s]
 64%|██████▍   | 80/125 [00:04<00:02, 15.69it/s]
 66%|██████▌   | 82/125 [00:04<00:02, 15.67it/s]
 67%|██████▋   | 84/125 [00:04<00:02, 15.67it/s]
 69%|██████▉   | 86/125 [00:04<00:02, 15.77it/s]
 70%|███████   | 88/125 [00:05<00:02, 15.84it/s]
 72%|███████▏  | 90/125 [00:05<00:02, 15.75it/s]
 74%|███████▎  | 92/125 [00:05<00:02, 16.36it/s]
 75%|███████▌  | 94/125 [00:05<00:01, 17.06it/s]
 77%|███████▋  | 96/125 [00:05<00:01, 16.65it/s]
 78%|███████▊  | 98/125 [00:05<00:01, 15.96it/s]
 80%|████████  | 100/125 [00:05<00:01, 16.07it/s]
 82%|████████▏ | 102/125 [00:05<00:01, 16.12it/s]
 83%|████████▎ | 104/125 [00:05<00:01, 16.04it/s]
 85%|████████▍ | 106/125 [00:06<00:01, 15.93it/s]
 86%|████████▋ | 108/125 [00:06<00:01, 15.56it/s]
 88%|████████▊ | 110/125 [00:06<00:00, 15.39it/s]
 90%|████████▉ | 112/125 [00:06<00:00, 15.60it/s]
 91%|█████████ | 114/125 [00:06<00:00, 15.70it/s]
 93%|█████████▎| 116/125 [00:06<00:00, 15.78it/s]
 94%|█████████▍| 118/125 [00:06<00:00, 15.82it/s]
 96%|█████████▌| 120/125 [00:07<00:00, 15.82it/s]
 98%|█████████▊| 122/125 [00:07<00:00, 15.81it/s]
 99%|█████████▉| 124/125 [00:07<00:00, 15.97it/s]
100%|██████████| 125/125 [00:07<00:00, 17.05it/s]
{
  "reference": "/data/users/zhoushunyu/eqvae/imagenet_sit_flow/adm_reference_stats/imagenet100_validation_n5000_adm_stats.npz",
  "samples": "/data/users/zhoushunyu/eqvae/imagenet_sit_flow/v800_v270_v400_gamma_search_fid1k_v2/v400/static_sm3p5/samples_unguided_n1000.npz",
  "batch_size": 8,
  "gpu_memory_fraction": 0.25,
  "fid": 70.09078325491373,
  "sfid": 218.84637106029572,
  "inception_score": 35.09260177612305
}
[launch] /home/zhoushunyu/miniconda3/envs/myenv/bin/torchrun --standalone --nproc_per_node=1 /home/zhoushunyu/eqvae/experiments/sample_imagenet100_sit_static_pair_fid.py --anchor-checkpoint /data/users/zhoushunyu/eqvae/imagenet_sit_flow/runs/sit-s-2_seed0/checkpoints/step_00800000.pt --anchor-field auto --other-checkpoint /data/users/zhoushunyu/eqvae/imagenet_sit_flow/runs/sit-s-2_seed0/checkpoints/step_00400000.pt --other-field auto --static-scale -4.0 --control-mode full_pair --window-transition-width 0.01 --output-dir /data/users/zhoushunyu/eqvae/imagenet_sit_flow/v800_v270_v400_gamma_search_fid1k_v2/v400/static_sm4 --weights ema --num-samples 1000 --per-rank-batch-size 8 --vae-decode-batch-size 2 --cuda-allocator-limit-gib 4.0 --inter-batch-sleep 0.0 --global-seed 0 --precision fp32 --allow-tf32 --allow-step-mismatch
/home/zhoushunyu/miniconda3/envs/myenv/lib/python3.10/site-packages/huggingface_hub/utils/_validators.py:205: UserWarning: The `local_dir_use_symlinks` argument is deprecated and ignored in `hf_hub_download`. Downloading to a local directory does not use symlinks anymore.
  warnings.warn(
{"rank": 0, "scale": -4.0, "generated_on_rank": 8, "samples_per_rank": 1000, "elapsed_seconds": 2.7852550920215435, "images_per_second": 2.8722683329495626, "last_batch_nfe": 140}
{"rank": 0, "scale": -4.0, "generated_on_rank": 512, "samples_per_rank": 1000, "elapsed_seconds": 109.91629202797776, "images_per_second": 4.658090175291549, "last_batch_nfe": 92}
{"rank": 0, "scale": -4.0, "generated_on_rank": 1000, "samples_per_rank": 1000, "elapsed_seconds": 185.6206640599994, "images_per_second": 5.3873312277169925, "last_batch_nfe": 86}
{"event": "complete", "scale": -4.0, "samples": "/data/users/zhoushunyu/eqvae/imagenet_sit_flow/v800_v270_v400_gamma_search_fid1k_v2/v400/static_sm4/samples_unguided_n1000.npz", "label_count_min": 3, "label_count_max": 18}
[launch] /data/shared/envs/adm-fid/bin/python /home/zhoushunyu/eqvae/experiments/compute_adm_fid.py --reference /data/users/zhoushunyu/eqvae/imagenet_sit_flow/adm_reference_stats/imagenet100_validation_n5000_adm_stats.npz --samples /data/users/zhoushunyu/eqvae/imagenet_sit_flow/v800_v270_v400_gamma_search_fid1k_v2/v400/static_sm4/samples_unguided_n1000.npz --batch-size 8 --gpu-memory-fraction 0.25 --output /data/users/zhoushunyu/eqvae/imagenet_sit_flow/v800_v270_v400_gamma_search_fid1k_v2/v400/static_sm4/fid5k_adm_results.json
2026-08-17 23:40:11.822322: I tensorflow/core/util/port.cc:153] oneDNN custom operations are on. You may see slightly different numerical results due to floating-point round-off errors from different computation orders. To turn them off, set the environment variable `TF_ENABLE_ONEDNN_OPTS=0`.
2026-08-17 23:40:11.836670: E external/local_xla/xla/stream_executor/cuda/cuda_fft.cc:467] Unable to register cuFFT factory: Attempting to register factory for plugin cuFFT when one has already been registered
WARNING: All log messages before absl::InitializeLog() is called are written to STDERR
E0000 00:00:1786981211.853263 3425887 cuda_dnn.cc:8579] Unable to register cuDNN factory: Attempting to register factory for plugin cuDNN when one has already been registered
E0000 00:00:1786981211.858515 3425887 cuda_blas.cc:1407] Unable to register cuBLAS factory: Attempting to register factory for plugin cuBLAS when one has already been registered
W0000 00:00:1786981211.871782 3425887 computation_placer.cc:177] computation placer already registered. Please check linkage and avoid linking the same target more than once.
W0000 00:00:1786981211.871800 3425887 computation_placer.cc:177] computation placer already registered. Please check linkage and avoid linking the same target more than once.
W0000 00:00:1786981211.871802 3425887 computation_placer.cc:177] computation placer already registered. Please check linkage and avoid linking the same target more than once.
W0000 00:00:1786981211.871803 3425887 computation_placer.cc:177] computation placer already registered. Please check linkage and avoid linking the same target more than once.
2026-08-17 23:40:11.875733: I tensorflow/core/platform/cpu_feature_guard.cc:210] This TensorFlow binary is optimized to use available CPU instructions in performance-critical operations.
To enable the following instructions: AVX2 AVX512F AVX512_VNNI FMA, in other operations, rebuild TensorFlow with the appropriate compiler flags.
I0000 00:00:1786981213.620232 3425887 gpu_device.cc:2019] Created device /job:localhost/replica:0/task:0/device:GPU:0 with 6020 MB memory:  -> device: 0, name: NVIDIA GeForce RTX 4090, pci bus id: 0000:ca:00.0, compute capability: 8.9
I0000 00:00:1786981213.653838 3425887 gpu_device.cc:2019] Created device /job:localhost/replica:0/task:0/device:GPU:0 with 6020 MB memory:  -> device: 0, name: NVIDIA GeForce RTX 4090, pci bus id: 0000:ca:00.0, compute capability: 8.9
2026-08-17 23:40:14.170647: W tensorflow/core/framework/op_def_util.cc:370] Op BatchNormWithGlobalNormalization is deprecated. It will cease to work in GraphDef version 9. Use tf.nn.batch_normalization().
Warmup...

  0%|          | 0/1 [00:00<?, ?it/s]WARNING: All log messages before absl::InitializeLog() is called are written to STDERR
I0000 00:00:1786981215.242520 3425887 mlir_graph_optimization_pass.cc:425] MLIR V1 optimization pass is not enabled
I0000 00:00:1786981216.674061 3426072 cuda_dnn.cc:529] Loaded cuDNN version 90300

100%|██████████| 1/1 [00:03<00:00,  3.81s/it]
100%|██████████| 1/1 [00:03<00:00,  3.81s/it]
Reference statistics...
Sample activations/statistics...

  0%|          | 0/125 [00:00<?, ?it/s]
  2%|▏         | 2/125 [00:00<00:10, 12.09it/s]
  3%|▎         | 4/125 [00:00<00:13,  9.16it/s]
  5%|▍         | 6/125 [00:00<00:11, 10.25it/s]
  6%|▋         | 8/125 [00:00<00:10, 10.88it/s]
  8%|▊         | 10/125 [00:01<00:11,  9.62it/s]
 10%|▉         | 12/125 [00:01<00:11, 10.21it/s]
 11%|█         | 14/125 [00:01<00:10, 10.68it/s]
 13%|█▎        | 16/125 [00:01<00:11,  9.44it/s]
 14%|█▍        | 18/125 [00:01<00:10, 10.09it/s]
 16%|█▌        | 20/125 [00:01<00:09, 10.59it/s]
 18%|█▊        | 22/125 [00:02<00:10,  9.59it/s]
 19%|█▉        | 24/125 [00:02<00:09, 10.22it/s]
 21%|██        | 26/125 [00:02<00:09, 10.71it/s]
 22%|██▏       | 28/125 [00:02<00:08, 11.07it/s]
 24%|██▍       | 30/125 [00:02<00:09,  9.78it/s]
 26%|██▌       | 32/125 [00:03<00:09, 10.29it/s]
 27%|██▋       | 34/125 [00:03<00:08, 10.73it/s]
 29%|██▉       | 36/125 [00:03<00:09,  9.49it/s]
 30%|███       | 38/125 [00:03<00:08, 10.08it/s]
 32%|███▏      | 40/125 [00:03<00:08, 10.60it/s]
 34%|███▎      | 42/125 [00:04<00:08,  9.61it/s]
 35%|███▌      | 44/125 [00:04<00:07, 10.20it/s]
 37%|███▋      | 46/125 [00:04<00:08,  9.14it/s]
 38%|███▊      | 48/125 [00:04<00:07,  9.78it/s]
 40%|████      | 50/125 [00:04<00:07, 10.37it/s]
 42%|████▏     | 52/125 [00:05<00:07,  9.32it/s]
 43%|████▎     | 54/125 [00:05<00:07,  9.97it/s]
 45%|████▍     | 56/125 [00:05<00:07,  9.28it/s]
 46%|████▋     | 58/125 [00:05<00:06,  9.96it/s]
 48%|████▊     | 60/125 [00:05<00:06, 10.49it/s]
 50%|████▉     | 62/125 [00:06<00:06,  9.46it/s]
 51%|█████     | 64/125 [00:06<00:06,  9.99it/s]
 53%|█████▎    | 66/125 [00:06<00:05, 10.49it/s]
 54%|█████▍    | 68/125 [00:06<00:05,  9.55it/s]
 56%|█████▌    | 70/125 [00:06<00:05, 10.16it/s]
 58%|█████▊    | 72/125 [00:07<00:05, 10.08it/s]
 59%|█████▉    | 74/125 [00:07<00:05,  9.59it/s]
 61%|██████    | 76/125 [00:07<00:04, 10.19it/s]
 62%|██████▏   | 78/125 [00:07<00:04, 10.56it/s]
 64%|██████▍   | 80/125 [00:07<00:04,  9.61it/s]
 66%|██████▌   | 82/125 [00:08<00:04, 10.23it/s]
 67%|██████▋   | 84/125 [00:08<00:03, 10.70it/s]
 69%|██████▉   | 86/125 [00:08<00:03, 10.25it/s]
 70%|███████   | 88/125 [00:08<00:03, 10.17it/s]
 72%|███████▏  | 90/125 [00:08<00:03, 10.69it/s]
 74%|███████▎  | 92/125 [00:09<00:02, 11.03it/s]
 75%|███████▌  | 94/125 [00:09<00:03,  9.86it/s]
 77%|███████▋  | 96/125 [00:09<00:02, 10.41it/s]
 78%|███████▊  | 98/125 [00:09<00:02,  9.06it/s]
 80%|████████  | 100/125 [00:09<00:02,  9.71it/s]
 82%|████████▏ | 102/125 [00:10<00:02, 10.35it/s]
 83%|████████▎ | 104/125 [00:10<00:01, 10.75it/s]
 85%|████████▍ | 106/125 [00:10<00:01,  9.69it/s]
 86%|████████▋ | 108/125 [00:10<00:01, 10.28it/s]
 88%|████████▊ | 110/125 [00:10<00:01,  9.35it/s]
 90%|████████▉ | 112/125 [00:11<00:01,  9.97it/s]
 91%|█████████ | 114/125 [00:11<00:01, 10.50it/s]
 93%|█████████▎| 116/125 [00:11<00:00,  9.53it/s]
 94%|█████████▍| 118/125 [00:11<00:00, 10.16it/s]
 96%|█████████▌| 120/125 [00:11<00:00, 10.37it/s]
 98%|█████████▊| 122/125 [00:12<00:00,  9.87it/s]
 99%|█████████▉| 124/125 [00:12<00:00, 10.41it/s]
100%|██████████| 125/125 [00:12<00:00, 10.09it/s]
{
  "reference": "/data/users/zhoushunyu/eqvae/imagenet_sit_flow/adm_reference_stats/imagenet100_validation_n5000_adm_stats.npz",
  "samples": "/data/users/zhoushunyu/eqvae/imagenet_sit_flow/v800_v270_v400_gamma_search_fid1k_v2/v400/static_sm4/samples_unguided_n1000.npz",
  "batch_size": 8,
  "gpu_memory_fraction": 0.25,
  "fid": 68.62171869191951,
  "sfid": 219.06019731886363,
  "inception_score": 33.40037155151367
}
{
  "protocol": "imagenet100_sit_field_control_fid5k_v2",
  "control_mode": "full_pair",
  "common_unique_component": null,
  "definition": "see sampling_manifest formula for each condition",
  "comparison_is_paired": true,
  "pairing_verified_by_noise_and_label_sha256": true,
  "anchor": {
    "checkpoint": "/data/users/zhoushunyu/eqvae/imagenet_sit_flow/runs/sit-s-2_seed0/checkpoints/step_00800000.pt",
    "checkpoint_sha256": "b7f7d7318ee4b480fe591bc451c2aceb09efaf4111e57fd9dbefcd1bcfd88caa",
    "checkpoint_step": 800000,
    "protocol": "imagenet100_sit_linear_flow_v1",
    "model_name": "SiT-S/2",
    "field_path": "auto",
    "prediction_target": "velocity",
    "loss_space": "velocity",
    "denominator_floor": 0.001,
    "global_batch_size": 256,
    "seed": 0,
    "training_world_size": 4,
    "data_manifest_sha256": "b911e47640333974d145896f4f5851f7876f1035745dbf397e1ddd8c74bae373",
    "official_sit": {
      "models_sha256": "677cfa2cf5a7db122abd014d6d92d7ac5f39745f571773a6adcc26c7d2f33d89",
      "git_commit": "cbde832a40b153ccc79603412409da9c9b0c568c"
    }
  },
  "other": {
    "checkpoint": "/data/users/zhoushunyu/eqvae/imagenet_sit_flow/runs/sit-s-2_seed0/checkpoints/step_00400000.pt",
    "checkpoint_sha256": "fa9a5d1c67783021035aa4ccc1d5eb09e5e928e170ee87c9d40f30c3e50320d5",
    "checkpoint_step": 400000,
    "protocol": "imagenet100_sit_linear_flow_v1",
    "model_name": "SiT-S/2",
    "field_path": "auto",
    "prediction_target": "velocity",
    "loss_space": "velocity",
    "denominator_floor": 0.001,
    "global_batch_size": 256,
    "seed": 0,
    "training_world_size": 4,
    "data_manifest_sha256": "b911e47640333974d145896f4f5851f7876f1035745dbf397e1ddd8c74bae373",
    "official_sit": {
      "models_sha256": "677cfa2cf5a7db122abd014d6d92d7ac5f39745f571773a6adcc26c7d2f33d89",
      "git_commit": "cbde832a40b153ccc79603412409da9c9b0c568c"
    }
  },
  "reference": null,
  "best": {
    "condition": "static_sm4",
    "control_mode": "full_pair",
    "common_unique_component": null,
    "scale": -4.0,
    "region": "beyond_velocity",
    "anchor_prediction_target": "velocity",
    "other_prediction_target": "velocity",
    "other_training_denominator_floor": 0.001,
    "other_inference_denominator_floor": 0.001,
    "checkpoint_step": 800000,
    "other_checkpoint_step": 400000,
    "reference_checkpoint_step": null,
    "num_samples": 1000,
    "noise_fingerprint": "b693d3cc2f28249d84942f74586d1afda2df10879225cd69bbf5d6a2d602c7b8",
    "label_fingerprint": "76fcd0fce6808c069a79ee8fd795edf2a1785d73758dc62306e51700c44c0758",
    "sampling_peak_memory_mib": 8653,
    "fid_peak_memory_mib": 7989,
    "total_nfe": 11644,
    "total_model_forwards": 23288,
    "sampling_elapsed_seconds_max_rank": 185.95595528901322,
    "fid": 68.62171869191951,
    "sfid": 219.06019731886363,
    "inception_score": 33.40037155151367,
    "samples": "/data/users/zhoushunyu/eqvae/imagenet_sit_flow/v800_v270_v400_gamma_search_fid1k_v2/v400/static_sm4/samples_unguided_n1000.npz"
  },
  "rows": [
    {
      "condition": "static_sm1p5",
      "control_mode": "full_pair",
      "common_unique_component": null,
      "scale": -1.5,
      "region": "beyond_velocity",
      "anchor_prediction_target": "velocity",
      "other_prediction_target": "velocity",
      "other_training_denominator_floor": 0.001,
      "other_inference_denominator_floor": 0.001,
      "checkpoint_step": 800000,
      "other_checkpoint_step": 400000,
      "reference_checkpoint_step": null,
      "num_samples": 1000,
      "noise_fingerprint": "b693d3cc2f28249d84942f74586d1afda2df10879225cd69bbf5d6a2d602c7b8",
      "label_fingerprint": "76fcd0fce6808c069a79ee8fd795edf2a1785d73758dc62306e51700c44c0758",
      "sampling_peak_memory_mib": 8653,
      "fid_peak_memory_mib": 12879,
      "total_nfe": 8224,
      "total_model_forwards": 16448,
      "sampling_elapsed_seconds_max_rank": 149.2648976960336,
      "fid": 74.59496081809613,
      "sfid": 218.20609090557832,
      "inception_score": 34.312774658203125,
      "samples": "/data/users/zhoushunyu/eqvae/imagenet_sit_flow/v800_v270_v400_gamma_search_fid1k_v2/v400/static_sm1p5/samples_unguided_n1000.npz"
    },
    {
      "condition": "static_sm2",
      "control_mode": "full_pair",
      "common_unique_component": null,
      "scale": -2.0,
      "region": "beyond_velocity",
      "anchor_prediction_target": "velocity",
      "other_prediction_target": "velocity",
      "other_training_denominator_floor": 0.001,
      "other_inference_denominator_floor": 0.001,
      "checkpoint_step": 800000,
      "other_checkpoint_step": 400000,
      "reference_checkpoint_step": null,
      "num_samples": 1000,
      "noise_fingerprint": "b693d3cc2f28249d84942f74586d1afda2df10879225cd69bbf5d6a2d602c7b8",
      "label_fingerprint": "76fcd0fce6808c069a79ee8fd795edf2a1785d73758dc62306e51700c44c0758",
      "sampling_peak_memory_mib": 8653,
      "fid_peak_memory_mib": 8009,
      "total_nfe": 8944,
      "total_model_forwards": 17888,
      "sampling_elapsed_seconds_max_rank": 157.92945061600767,
      "fid": 72.68084744797119,
      "sfid": 218.20208441963814,
      "inception_score": 34.84757614135742,
      "samples": "/data/users/zhoushunyu/eqvae/imagenet_sit_flow/v800_v270_v400_gamma_search_fid1k_v2/v400/static_sm2/samples_unguided_n1000.npz"
    },
    {
      "condition": "static_sm2p5",
      "control_mode": "full_pair",
      "common_unique_component": null,
      "scale": -2.5,
      "region": "beyond_velocity",
      "anchor_prediction_target": "velocity",
      "other_prediction_target": "velocity",
      "other_training_denominator_floor": 0.001,
      "other_inference_denominator_floor": 0.001,
      "checkpoint_step": 800000,
      "other_checkpoint_step": 400000,
      "reference_checkpoint_step": null,
      "num_samples": 1000,
      "noise_fingerprint": "b693d3cc2f28249d84942f74586d1afda2df10879225cd69bbf5d6a2d602c7b8",
      "label_fingerprint": "76fcd0fce6808c069a79ee8fd795edf2a1785d73758dc62306e51700c44c0758",
      "sampling_peak_memory_mib": 8653,
      "fid_peak_memory_mib": 12879,
      "total_nfe": 9364,
      "total_model_forwards": 18728,
      "sampling_elapsed_seconds_max_rank": 156.83834573702188,
      "fid": 71.23200942470157,
      "sfid": 218.2853567999315,
      "inception_score": 34.443031311035156,
      "samples": "/data/users/zhoushunyu/eqvae/imagenet_sit_flow/v800_v270_v400_gamma_search_fid1k_v2/v400/static_sm2p5/samples_unguided_n1000.npz"
    },
    {
      "condition": "static_sm3",
      "control_mode": "full_pair",
      "common_unique_component": null,
      "scale": -3.0,
      "region": "beyond_velocity",
      "anchor_prediction_target": "velocity",
      "other_prediction_target": "velocity",
      "other_training_denominator_floor": 0.001,
      "other_inference_denominator_floor": 0.001,
      "checkpoint_step": 800000,
      "other_checkpoint_step": 400000,
      "reference_checkpoint_step": null,
      "num_samples": 1000,
      "noise_fingerprint": "b693d3cc2f28249d84942f74586d1afda2df10879225cd69bbf5d6a2d602c7b8",
      "label_fingerprint": "76fcd0fce6808c069a79ee8fd795edf2a1785d73758dc62306e51700c44c0758",
      "sampling_peak_memory_mib": 8653,
      "fid_peak_memory_mib": 7989,
      "total_nfe": 10366,
      "total_model_forwards": 20732,
      "sampling_elapsed_seconds_max_rank": 176.33961797802476,
      "fid": 70.9107176060727,
      "sfid": 218.60910952017673,
      "inception_score": 34.50596618652344,
      "samples": "/data/users/zhoushunyu/eqvae/imagenet_sit_flow/v800_v270_v400_gamma_search_fid1k_v2/v400/static_sm3/samples_unguided_n1000.npz"
    },
    {
      "condition": "static_sm3p5",
      "control_mode": "full_pair",
      "common_unique_component": null,
      "scale": -3.5,
      "region": "beyond_velocity",
      "anchor_prediction_target": "velocity",
      "other_prediction_target": "velocity",
      "other_training_denominator_floor": 0.001,
      "other_inference_denominator_floor": 0.001,
      "checkpoint_step": 800000,
      "other_checkpoint_step": 400000,
      "reference_checkpoint_step": null,
      "num_samples": 1000,
      "noise_fingerprint": "b693d3cc2f28249d84942f74586d1afda2df10879225cd69bbf5d6a2d602c7b8",
      "label_fingerprint": "76fcd0fce6808c069a79ee8fd795edf2a1785d73758dc62306e51700c44c0758",
      "sampling_peak_memory_mib": 8653,
      "fid_peak_memory_mib": 12879,
      "total_nfe": 10978,
      "total_model_forwards": 21956,
      "sampling_elapsed_seconds_max_rank": 174.6783255530172,
      "fid": 70.09078325491373,
      "sfid": 218.84637106029572,
      "inception_score": 35.09260177612305,
      "samples": "/data/users/zhoushunyu/eqvae/imagenet_sit_flow/v800_v270_v400_gamma_search_fid1k_v2/v400/static_sm3p5/samples_unguided_n1000.npz"
    },
    {
      "condition": "static_sm4",
      "control_mode": "full_pair",
      "common_unique_component": null,
      "scale": -4.0,
      "region": "beyond_velocity",
      "anchor_prediction_target": "velocity",
      "other_prediction_target": "velocity",
      "other_training_denominator_floor": 0.001,
      "other_inference_denominator_floor": 0.001,
      "checkpoint_step": 800000,
      "other_checkpoint_step": 400000,
      "reference_checkpoint_step": null,
      "num_samples": 1000,
      "noise_fingerprint": "b693d3cc2f28249d84942f74586d1afda2df10879225cd69bbf5d6a2d602c7b8",
      "label_fingerprint": "76fcd0fce6808c069a79ee8fd795edf2a1785d73758dc62306e51700c44c0758",
      "sampling_peak_memory_mib": 8653,
      "fid_peak_memory_mib": 7989,
      "total_nfe": 11644,
      "total_model_forwards": 23288,
      "sampling_elapsed_seconds_max_rank": 185.95595528901322,
      "fid": 68.62171869191951,
      "sfid": 219.06019731886363,
      "inception_score": 33.40037155151367,
      "samples": "/data/users/zhoushunyu/eqvae/imagenet_sit_flow/v800_v270_v400_gamma_search_fid1k_v2/v400/static_sm4/samples_unguided_n1000.npz"
    }
  ],
  "csv": "/data/users/zhoushunyu/eqvae/imagenet_sit_flow/v800_v270_v400_gamma_search_fid1k_v2/v400/static_pair_v_to_jit_x_fid5k.csv"
}
