{
  "official": {
    "complete": true,
    "samples": 8,
    "mode": "official",
    "seed": 202609072,
    "sample_sha256": "1cf8a38d97b017fe21f23fc84566e21263a23cba2956a0f76393b835ab1c400a",
    "trajectory_seconds_sum": 5.046472699381411,
    "decode_seconds_sum": 0.029641597997397184,
    "sample_model_calls": 800,
    "main_sample_calls": 800,
    "reread_sample_calls": 0,
    "inactive_current_reread_calls": 0,
    "paired_noise_labels_sha256": "081c9026490e9708f72172b73607feb9cbb7fd9e98c59f77b04d3a695cb0c76d"
  },
  "write_null": {
    "complete": true,
    "samples": 8,
    "mode": "write_null",
    "seed": 202609072,
    "sample_sha256": "1cf8a38d97b017fe21f23fc84566e21263a23cba2956a0f76393b835ab1c400a",
    "trajectory_seconds_sum": 10.004201012663543,
    "decode_seconds_sum": 0.02751156920567155,
    "sample_model_calls": 1592,
    "main_sample_calls": 800,
    "reread_sample_calls": 792,
    "inactive_current_reread_calls": 0,
    "paired_noise_labels_sha256": "081c9026490e9708f72172b73607feb9cbb7fd9e98c59f77b04d3a695cb0c76d"
  },
  "full_read_after_write": {
    "complete": true,
    "samples": 8,
    "mode": "full_read_after_write",
    "seed": 202609072,
    "sample_sha256": "c5aa3b1535947fef861d75dcc0eadd0bb61a7269d5012583c1c508ff83a586f6",
    "trajectory_seconds_sum": 10.046745154075325,
    "decode_seconds_sum": 0.028790451120585203,
    "sample_model_calls": 1592,
    "main_sample_calls": 800,
    "reread_sample_calls": 792,
    "inactive_current_reread_calls": 0,
    "paired_noise_labels_sha256": "081c9026490e9708f72172b73607feb9cbb7fd9e98c59f77b04d3a695cb0c76d"
  }
}
